Copyright 1986-2022 Xilinx, Inc. All Rights Reserved. Copyright 2022-2025 Advanced Micro Devices, Inc. All Rights Reserved.
---------------------------------------------------------------------------------------------------------------------------------------------
| Tool Version : Vivado v.2025.2 (lin64) Build 6299465 Fri Nov 14 12:34:56 MST 2025
| Date         : Sun Aug  9 16:33:22 2026
| Host         : R10DT01 running 64-bit Ubuntu 26.04 LTS
| Command      : report_timing_summary -file /media/tobiw/LocalData/Data/RASentinel/RASPMO/RASPMO/reports/timing_summary.rpt
| Design       : top
| Device       : 7a100t-csg324
| Speed File   : -2  PRODUCTION 1.23 2018-06-13
| Design State : Routed
---------------------------------------------------------------------------------------------------------------------------------------------

Timing Summary Report

------------------------------------------------------------------------------------------------
| Timer Settings
| --------------
------------------------------------------------------------------------------------------------

  Enable Multi Corner Analysis               :  Yes
  Enable Pessimism Removal                   :  Yes
  Pessimism Removal Resolution               :  Nearest Common Node
  Enable Input Delay Default Clock           :  No
  Enable Preset / Clear Arcs                 :  No
  Disable Flight Delays                      :  No
  Ignore I/O Paths                           :  No
  Timing Early Launch at Borrowing Latches   :  No
  Borrow Time for Max Delay Exceptions       :  Yes
  Merge Timing Exceptions                    :  Yes
  Inter-SLR Compensation                     :  Conservative

  Corner  Analyze    Analyze    
  Name    Max Paths  Min Paths  
  ------  ---------  ---------  
  Slow    Yes        Yes        
  Fast    Yes        Yes        


------------------------------------------------------------------------------------------------
| Report Methodology
| ------------------
------------------------------------------------------------------------------------------------

Rule       Severity          Description                                                       Violations  
---------  ----------------  ----------------------------------------------------------------  ----------  
TIMING-4   Critical Warning  Invalid primary clock redefinition on a clock tree                1           
TIMING-17  Critical Warning  Non-clocked sequential cell                                       20          
TIMING-27  Critical Warning  Invalid primary clock on hierarchical pin                         1           
CKLD-2     Warning           Clock Net has IO Driver, not a Clock Buf, and/or non-Clock loads  4           
LUTAR-1    Warning           LUT drives async reset alert                                      1           
SYNTH-6    Warning           Timing of a RAM block might be sub-optimal                        46          
TIMING-9   Warning           Unknown CDC Logic                                                 1           
TIMING-10  Warning           Missing property on synchronizer                                  1           
TIMING-28  Warning           Auto-derived clock referenced by a timing constraint              4           
XDCB-1     Warning           Runtime intensive exceptions                                      1           

Note: This report is based on the most recent report_methodology run and may not be up-to-date. Run report_methodology on the current design for the latest report.



check_timing report

Table of Contents
-----------------
1. checking no_clock (20)
2. checking constant_clock (0)
3. checking pulse_width_clock (0)
4. checking unconstrained_internal_endpoints (0)
5. checking no_input_delay (2)
6. checking no_output_delay (4)
7. checking multiple_clock (0)
8. checking generated_clocks (0)
9. checking loops (0)
10. checking partial_input_delay (0)
11. checking partial_output_delay (0)
12. checking latch_loops (0)

1. checking no_clock (20)
-------------------------
 There are 10 register/latch pins with no clock driven by root clock pin: lvds_irx0/fclk_shifted_reg/Q (HIGH)

 There are 10 register/latch pins with no clock driven by root clock pin: lvds_irx1/fclk_shifted_reg/Q (HIGH)


2. checking constant_clock (0)
------------------------------
 There are 0 register/latch pins with constant_clock.


3. checking pulse_width_clock (0)
---------------------------------
 There are 0 register/latch pins which need pulse_width check


4. checking unconstrained_internal_endpoints (0)
------------------------------------------------
 There are 0 pins that are not constrained for maximum delay.

 There are 0 pins that are not constrained for maximum delay due to constant clock.


5. checking no_input_delay (2)
------------------------------
 There are 0 input ports with no input delay specified.

 There are 2 input ports with no input delay but user has a false path constraint. (MEDIUM)


6. checking no_output_delay (4)
-------------------------------
 There are 4 ports with no output delay specified. (HIGH)

 There are 0 ports with no output delay but user has a false path constraint

 There are 0 ports with no output delay but with a timing clock defined on it or propagating through it


7. checking multiple_clock (0)
------------------------------
 There are 0 register/latch pins with multiple clocks.


8. checking generated_clocks (0)
--------------------------------
 There are 0 generated clocks that are not connected to a clock source.


9. checking loops (0)
---------------------
 There are 0 combinational loops in the design.


10. checking partial_input_delay (0)
------------------------------------
 There are 0 input ports with partial input delay specified.


11. checking partial_output_delay (0)
-------------------------------------
 There are 0 ports with partial output delay specified.


12. checking latch_loops (0)
----------------------------
 There are 0 combinational latch loops in the design through latch input



------------------------------------------------------------------------------------------------
| Design Timing Summary
| ---------------------
------------------------------------------------------------------------------------------------

    WNS(ns)      TNS(ns)  TNS Failing Endpoints  TNS Total Endpoints      WHS(ns)      THS(ns)  THS Failing Endpoints  THS Total Endpoints     WPWS(ns)     TPWS(ns)  TPWS Failing Endpoints  TPWS Total Endpoints  
    -------      -------  ---------------------  -------------------      -------      -------  ---------------------  -------------------     --------     --------  ----------------------  --------------------  
      0.083        0.000                      0                28488       -0.482       -1.336                      6                28488       -0.248       -1.260                       9                 13632  


Timing constraints are not met.


------------------------------------------------------------------------------------------------
| Clock Summary
| -------------
------------------------------------------------------------------------------------------------

Clock                      Waveform(ns)         Period(ns)      Frequency(MHz)
-----                      ------------         ----------      --------------
ADC2_dclk_P                {0.000 4.167}        8.333           120.005         
ADC_dclk_P                 {0.000 4.167}        8.333           120.005         
SYS_clk                    {0.000 10.000}       20.000          50.000          
  clk_pix_unbuf            {0.000 3.361}        6.723           148.750         
  clk_serial_unbuf         {0.000 0.672}        1.345           743.750         
  clkfb                    {0.000 10.000}       20.000          50.000          
video_clk0/inst/i_clk_50M  {0.000 10.000}       20.000          50.000          
  clkfbout_Video_clk       {0.000 10.000}       20.000          50.000          
  o_clk_120M_Video_clk     {0.000 4.103}        8.205           121.875         
  o_clk_195M_Video_clk     {0.000 2.564}        5.128           195.000         


------------------------------------------------------------------------------------------------
| Intra Clock Table
| -----------------
------------------------------------------------------------------------------------------------

Clock                          WNS(ns)      TNS(ns)  TNS Failing Endpoints  TNS Total Endpoints      WHS(ns)      THS(ns)  THS Failing Endpoints  THS Total Endpoints     WPWS(ns)     TPWS(ns)  TPWS Failing Endpoints  TPWS Total Endpoints  
-----                          -------      -------  ---------------------  -------------------      -------      -------  ---------------------  -------------------     --------     --------  ----------------------  --------------------  
ADC2_dclk_P                      1.339        0.000                      0                  443       -0.482       -0.956                      3                  443        3.036        0.000                       0                   172  
ADC_dclk_P                       0.083        0.000                      0                24656       -0.291       -0.381                      3                24656        3.036        0.000                       0                 11187  
SYS_clk                                                                                                                                                                      7.000        0.000                       0                     1  
  clk_pix_unbuf                  0.115        0.000                      0                 3324        0.062        0.000                      0                 3324        2.507        0.000                       0                  2121  
  clk_serial_unbuf                                                                                                                                                          -0.248       -1.260                       9                    10  
  clkfb                                                                                                                                                                     18.751        0.000                       0                     2  
video_clk0/inst/i_clk_50M                                                                                                                                                    7.000        0.000                       0                     1  
  clkfbout_Video_clk                                                                                                                                                        18.408        0.000                       0                     3  
  o_clk_120M_Video_clk           3.867        0.000                      0                   64        0.185        0.000                      0                   64        3.603        0.000                       0                   123  
  o_clk_195M_Video_clk           3.661        0.000                      0                    1        0.287        0.000                      0                    1        0.136        0.000                       0                    12  


------------------------------------------------------------------------------------------------
| Inter Clock Table
| -----------------
------------------------------------------------------------------------------------------------

From Clock    To Clock          WNS(ns)      TNS(ns)  TNS Failing Endpoints  TNS Total Endpoints      WHS(ns)      THS(ns)  THS Failing Endpoints  THS Total Endpoints  
----------    --------          -------      -------  ---------------------  -------------------      -------      -------  ---------------------  -------------------  


------------------------------------------------------------------------------------------------
| Other Path Groups Table
| -----------------------
------------------------------------------------------------------------------------------------

Path Group    From Clock    To Clock          WNS(ns)      TNS(ns)  TNS Failing Endpoints  TNS Total Endpoints      WHS(ns)      THS(ns)  THS Failing Endpoints  THS Total Endpoints  
----------    ----------    --------          -------      -------  ---------------------  -------------------      -------      -------  ---------------------  -------------------  


------------------------------------------------------------------------------------------------
| Timing Details
| --------------
------------------------------------------------------------------------------------------------


---------------------------------------------------------------------------------------------------
From Clock:  ADC2_dclk_P
  To Clock:  ADC2_dclk_P

Setup :            0  Failing Endpoints,  Worst Slack        1.339ns,  Total Violation        0.000ns
Hold  :            3  Failing Endpoints,  Worst Slack       -0.482ns,  Total Violation       -0.956ns
PW    :            0  Failing Endpoints,  Worst Slack        3.036ns,  Total Violation        0.000ns
---------------------------------------------------------------------------------------------------


Max Delay Paths
--------------------------------------------------------------------------------------
Slack (MET) :             1.339ns  (required time - arrival time)
  Source:                 ADC2_chA_P
                            (input port clocked by ADC2_dclk_P  {rise@0.000ns fall@4.167ns period=8.333ns})
  Destination:            lvds_irx1/gen_data_block[0].ISERDESE2_ODD_inst/DDLY
                            (rising edge-triggered cell ISERDESE2 clocked by ADC2_dclk_P  {rise@0.000ns fall@4.167ns period=8.333ns})
  Path Group:             ADC2_dclk_P
  Path Type:              Setup (Max at Fast Process Corner)
  Requirement:            4.166ns  (ADC2_dclk_P rise@8.333ns - ADC2_dclk_P fall@4.167ns)
  Data Path Delay:        0.710ns  (logic 0.710ns (100.000%)  route 0.000ns (0.000%))
  Logic Levels:           2  (IBUFDS=1 IDELAYE2=1)
  Input Delay:            2.867ns
  Clock Path Skew:        0.768ns (DCD - SCD + CPR)
    Destination Clock Delay (DCD):    0.768ns = ( 9.101 - 8.333 ) 
    Source Clock Delay      (SCD):    0.000ns = ( 4.167 - 4.167 ) 
    Clock Pessimism Removal (CPR):    0.000ns
  Clock Uncertainty:      0.035ns  ((TSJ^2 + TIJ^2)^1/2 + DJ) / 2 + PE
    Total System Jitter     (TSJ):    0.071ns
    Total Input Jitter      (TIJ):    0.000ns
    Discrete Jitter          (DJ):    0.000ns
    Phase Error              (PE):    0.000ns

    Location             Delay type                Incr(ns)  Path(ns)    Netlist Resource(s)
  -------------------------------------------------------------------    -------------------
                         (clock ADC2_dclk_P fall edge)
                                                      4.167     4.167 f  
                         input delay                  2.867     7.034    
    A4                                                0.000     7.034 f  ADC2_chA_P (IN)
                         net (fo=1, unset)            0.000     7.034    lvds_irx1/gen_data_lane[0].IBUFDS_adc_data/i
    A3                   IBUFDS (Prop_ibufds_IB_O)    0.404     7.438 r  lvds_irx1/gen_data_lane[0].IBUFDS_adc_data/IBUFDS_0/O
                         net (fo=1, routed)           0.000     7.438    lvds_irx1/data_comp_0
    IDELAY_X1Y133        IDELAYE2 (Prop_idelaye2_IDATAIN_DATAOUT)
                                                      0.306     7.744 r  lvds_irx1/gen_data_lane[0].IDELAYE2_data_inst/DATAOUT
                         net (fo=1, routed)           0.000     7.744    lvds_irx1/data_comp_delayed_0
    ILOGIC_X1Y133        ISERDESE2                                    r  lvds_irx1/gen_data_block[0].ISERDESE2_ODD_inst/DDLY
  -------------------------------------------------------------------    -------------------

                         (clock ADC2_dclk_P rise edge)
                                                      8.333     8.333 r  
    E6                                                0.000     8.333 r  ADC2_dclk_P (IN)
                         net (fo=1, unset)            0.000     8.333    lvds_irx1/IBUFDS_adc_dclk/i
    E6                   IBUFDS (Prop_ibufds_I_O)     0.342     8.675 r  lvds_irx1/IBUFDS_adc_dclk/IBUFDS/O
                         net (fo=16, routed)          0.426     9.101    lvds_irx1/lvds_dclk2
    ILOGIC_X1Y133        ISERDESE2                                    r  lvds_irx1/gen_data_block[0].ISERDESE2_ODD_inst/CLK
                         clock pessimism              0.000     9.101    
                         clock uncertainty           -0.035     9.066    
    ILOGIC_X1Y133        ISERDESE2 (Setup_iserdese2_CLK_DDLY)
                                                      0.017     9.083    lvds_irx1/gen_data_block[0].ISERDESE2_ODD_inst
  -------------------------------------------------------------------
                         required time                          9.083    
                         arrival time                          -7.744    
  -------------------------------------------------------------------
                         slack                                  1.339    





Min Delay Paths
--------------------------------------------------------------------------------------
Slack (VIOLATED) :        -0.482ns  (arrival time - required time)
  Source:                 ADC2_chB_P
                            (input port clocked by ADC2_dclk_P  {rise@0.000ns fall@4.167ns period=8.333ns})
  Destination:            lvds_irx1/gen_data_block[1].ISERDESE2_EVEN_inst/D
                            (rising edge-triggered cell ISERDESE2 clocked by ADC2_dclk_P'  {rise@0.000ns fall@4.167ns period=8.333ns})
  Path Group:             ADC2_dclk_P
  Path Type:              Hold (Min at Slow Process Corner)
  Requirement:            0.000ns  (ADC2_dclk_P fall@4.167ns - ADC2_dclk_P fall@4.167ns)
  Data Path Delay:        0.852ns  (logic 0.852ns (100.000%)  route 0.000ns (0.000%))
  Logic Levels:           1  (IBUFDS=1)
  Input Delay:            1.320ns
  Clock Path Skew:        2.485ns (DCD - SCD - CPR)
    Destination Clock Delay (DCD):    2.485ns = ( 6.652 - 4.167 ) 
    Source Clock Delay      (SCD):    0.000ns = ( 4.167 - 4.167 ) 
    Clock Pessimism Removal (CPR):    -0.000ns
  Clock Uncertainty:      0.035ns  ((TSJ^2 + TIJ^2)^1/2 + DJ) / 2 + PE
    Total System Jitter     (TSJ):    0.071ns
    Total Input Jitter      (TIJ):    0.000ns
    Discrete Jitter          (DJ):    0.000ns
    Phase Error              (PE):    0.000ns

    Location             Delay type                Incr(ns)  Path(ns)    Netlist Resource(s)
  -------------------------------------------------------------------    -------------------
                         (clock ADC2_dclk_P fall edge)
                                                      4.167     4.167 f  
                         input delay                  1.320     5.487    
    C2                                                0.000     5.487 r  ADC2_chB_P (IN)
                         net (fo=1, unset)            0.000     5.487    lvds_irx1/gen_data_lane[1].IBUFDS_adc_data/i
    C2                   IBUFDS (Prop_ibufds_I_O)     0.852     6.339 r  lvds_irx1/gen_data_lane[1].IBUFDS_adc_data/IBUFDS/O
                         net (fo=1, routed)           0.000     6.339    lvds_irx1/data_true_1
    ILOGIC_X1Y118        ISERDESE2                                    r  lvds_irx1/gen_data_block[1].ISERDESE2_EVEN_inst/D
  -------------------------------------------------------------------    -------------------

                         (clock ADC2_dclk_P fall edge)
                                                      4.167     4.167 f  
    E6                                                0.000     4.167 f  ADC2_dclk_P (IN)
                         net (fo=1, unset)            0.000     4.167    lvds_irx1/IBUFDS_adc_dclk/i
    E5                   IBUFDS (Prop_ibufds_IB_O)    0.852     5.019 r  lvds_irx1/IBUFDS_adc_dclk/IBUFDS_0/O
                         net (fo=47, routed)          1.633     6.652    lvds_irx1/lvds_dclk_BUFDS_1
    ILOGIC_X1Y118        ISERDESE2                                    r  lvds_irx1/gen_data_block[1].ISERDESE2_EVEN_inst/CLK
                         clock pessimism              0.000     6.652    
                         clock uncertainty            0.035     6.687    
    ILOGIC_X1Y118        ISERDESE2 (Hold_iserdese2_CLK_D)
                                                      0.134     6.821    lvds_irx1/gen_data_block[1].ISERDESE2_EVEN_inst
  -------------------------------------------------------------------
                         required time                         -6.821    
                         arrival time                           6.339    
  -------------------------------------------------------------------
                         slack                                 -0.482    





Pulse Width Checks
--------------------------------------------------------------------------------------
Clock Name:         ADC2_dclk_P
Waveform(ns):       { 0.000 4.167 }
Period(ns):         8.333
Sources:            { ADC2_dclk_P }

Check Type        Corner  Lib Pin     Reference Pin  Required(ns)  Actual(ns)  Slack(ns)  Location       Pin
Min Period        n/a     BUFG/I      n/a            1.592         8.333       6.741      BUFGCTRL_X0Y3  BUFG_lvds_dclk_2/I
Low Pulse Width   Slow    RAMD32/CLK  n/a            1.130         4.166       3.036      SLICE_X76Y91   adc2_cdc/mem_reg_0_7_0_5/RAMA/CLK
High Pulse Width  Slow    RAMD32/CLK  n/a            1.130         4.167       3.037      SLICE_X76Y91   adc2_cdc/mem_reg_0_7_0_5/RAMA/CLK



---------------------------------------------------------------------------------------------------
From Clock:  ADC_dclk_P
  To Clock:  ADC_dclk_P

Setup :            0  Failing Endpoints,  Worst Slack        0.083ns,  Total Violation        0.000ns
Hold  :            3  Failing Endpoints,  Worst Slack       -0.291ns,  Total Violation       -0.381ns
PW    :            0  Failing Endpoints,  Worst Slack        3.036ns,  Total Violation        0.000ns
---------------------------------------------------------------------------------------------------


Max Delay Paths
--------------------------------------------------------------------------------------
Slack (MET) :             0.083ns  (required time - arrival time)
  Source:                 wf_wea_reg/C
                            (falling edge-triggered cell FDRE clocked by ADC_dclk_P  {rise@0.000ns fall@4.167ns period=8.333ns})
  Destination:            gen_membank[0].wfMem/mem_reg_0_5/WEA[0]
                            (rising edge-triggered cell RAMB36E1 clocked by ADC_dclk_P  {rise@0.000ns fall@4.167ns period=8.333ns})
  Path Group:             ADC_dclk_P
  Path Type:              Setup (Max at Slow Process Corner)
  Requirement:            4.166ns  (ADC_dclk_P rise@8.333ns - ADC_dclk_P fall@4.167ns)
  Data Path Delay:        3.628ns  (logic 0.489ns (13.479%)  route 3.139ns (86.521%))
  Logic Levels:           1  (LUT3=1)
  Clock Path Skew:        0.056ns (DCD - SCD + CPR)
    Destination Clock Delay (DCD):    4.444ns = ( 12.777 - 8.333 ) 
    Source Clock Delay      (SCD):    4.747ns = ( 8.914 - 4.167 ) 
    Clock Pessimism Removal (CPR):    0.359ns
  Clock Uncertainty:      0.035ns  ((TSJ^2 + TIJ^2)^1/2 + DJ) / 2 + PE
    Total System Jitter     (TSJ):    0.071ns
    Total Input Jitter      (TIJ):    0.000ns
    Discrete Jitter          (DJ):    0.000ns
    Phase Error              (PE):    0.000ns

    Location             Delay type                Incr(ns)  Path(ns)    Netlist Resource(s)
  -------------------------------------------------------------------    -------------------
                         (clock ADC_dclk_P fall edge)
                                                      4.167     4.167 f  
    G4                                                0.000     4.167 f  ADC_dclk_P (IN)
                         net (fo=1, unset)            0.000     4.167    lvds_irx0/IBUFDS_adc_dclk/i
    G4                   IBUFDS (Prop_ibufds_I_O)     0.865     5.032 f  lvds_irx0/IBUFDS_adc_dclk/IBUFDS/O
                         net (fo=16, routed)          2.418     7.450    lvds_dclk
    BUFGCTRL_X0Y0        BUFG (Prop_bufg_I_O)         0.082     7.532 f  BUFG_lvds_dclk_1/O
                         net (fo=11130, routed)       1.382     8.914    lvds_dclk_buffered
    SLICE_X15Y85         FDRE                                         r  wf_wea_reg/C  (IS_INVERTED)
  -------------------------------------------------------------------    -------------------
    SLICE_X15Y85         FDRE (Prop_fdre_C_Q)         0.384     9.298 r  wf_wea_reg/Q
                         net (fo=85, routed)          2.718    12.016    gen_membank[0].wfMem/mem_reg_0_1_0
    SLICE_X63Y17         LUT3 (Prop_lut3_I0_O)        0.105    12.121 r  gen_membank[0].wfMem/mem_reg_0_4_i_1/O
                         net (fo=1, routed)           0.421    12.541    gen_membank[0].wfMem/mem_reg_0_4_i_1_n_0
    RAMB36_X1Y3          RAMB36E1                                     r  gen_membank[0].wfMem/mem_reg_0_5/WEA[0]
  -------------------------------------------------------------------    -------------------

                         (clock ADC_dclk_P rise edge)
                                                      8.333     8.333 r  
    G4                                                0.000     8.333 r  ADC_dclk_P (IN)
                         net (fo=1, unset)            0.000     8.333    lvds_irx0/IBUFDS_adc_dclk/i
    G4                   IBUFDS (Prop_ibufds_I_O)     0.825     9.158 r  lvds_irx0/IBUFDS_adc_dclk/IBUFDS/O
                         net (fo=16, routed)          2.109    11.267    lvds_dclk
    BUFGCTRL_X0Y0        BUFG (Prop_bufg_I_O)         0.078    11.345 r  BUFG_lvds_dclk_1/O
                         net (fo=11130, routed)       1.432    12.777    gen_membank[0].wfMem/lvds_dclk_buffered
    RAMB36_X1Y3          RAMB36E1                                     r  gen_membank[0].wfMem/mem_reg_0_5/CLKARDCLK
                         clock pessimism              0.359    13.135    
                         clock uncertainty           -0.035    13.100    
    RAMB36_X1Y3          RAMB36E1 (Setup_ramb36e1_CLKARDCLK_WEA[0])
                                                     -0.476    12.624    gen_membank[0].wfMem/mem_reg_0_5
  -------------------------------------------------------------------
                         required time                         12.624    
                         arrival time                         -12.541    
  -------------------------------------------------------------------
                         slack                                  0.083    





Min Delay Paths
--------------------------------------------------------------------------------------
Slack (VIOLATED) :        -0.291ns  (arrival time - required time)
  Source:                 ADC_chB_P
                            (input port clocked by ADC_dclk_P  {rise@0.000ns fall@4.167ns period=8.333ns})
  Destination:            lvds_irx0/gen_data_block[1].ISERDESE2_EVEN_inst/D
                            (rising edge-triggered cell ISERDESE2 clocked by ADC_dclk_P'  {rise@0.000ns fall@4.167ns period=8.333ns})
  Path Group:             ADC_dclk_P
  Path Type:              Hold (Min at Slow Process Corner)
  Requirement:            0.000ns  (ADC_dclk_P fall@4.167ns - ADC_dclk_P fall@4.167ns)
  Data Path Delay:        0.818ns  (logic 0.818ns (100.000%)  route 0.000ns (0.000%))
  Logic Levels:           1  (IBUFDS=1)
  Input Delay:            1.320ns
  Clock Path Skew:        2.260ns (DCD - SCD - CPR)
    Destination Clock Delay (DCD):    2.260ns = ( 6.427 - 4.167 ) 
    Source Clock Delay      (SCD):    0.000ns = ( 4.167 - 4.167 ) 
    Clock Pessimism Removal (CPR):    -0.000ns
  Clock Uncertainty:      0.035ns  ((TSJ^2 + TIJ^2)^1/2 + DJ) / 2 + PE
    Total System Jitter     (TSJ):    0.071ns
    Total Input Jitter      (TIJ):    0.000ns
    Discrete Jitter          (DJ):    0.000ns
    Phase Error              (PE):    0.000ns

    Location             Delay type                Incr(ns)  Path(ns)    Netlist Resource(s)
  -------------------------------------------------------------------    -------------------
                         (clock ADC_dclk_P fall edge)
                                                      4.167     4.167 f  
                         input delay                  1.320     5.487    
    H2                                                0.000     5.487 r  ADC_chB_P (IN)
                         net (fo=1, unset)            0.000     5.487    lvds_irx0/gen_data_lane[1].IBUFDS_adc_data/i
    H2                   IBUFDS (Prop_ibufds_I_O)     0.818     6.305 r  lvds_irx0/gen_data_lane[1].IBUFDS_adc_data/IBUFDS/O
                         net (fo=1, routed)           0.000     6.305    lvds_irx0/data_true_1
    ILOGIC_X1Y120        ISERDESE2                                    r  lvds_irx0/gen_data_block[1].ISERDESE2_EVEN_inst/D
  -------------------------------------------------------------------    -------------------

                         (clock ADC_dclk_P fall edge)
                                                      4.167     4.167 f  
    G4                                                0.000     4.167 f  ADC_dclk_P (IN)
                         net (fo=1, unset)            0.000     4.167    lvds_irx0/IBUFDS_adc_dclk/i
    G3                   IBUFDS (Prop_ibufds_IB_O)    0.868     5.035 r  lvds_irx0/IBUFDS_adc_dclk/IBUFDS_0/O
                         net (fo=47, routed)          1.392     6.427    lvds_irx0/lvds_dclk_BUFDS_1
    ILOGIC_X1Y120        ISERDESE2                                    r  lvds_irx0/gen_data_block[1].ISERDESE2_EVEN_inst/CLK
                         clock pessimism              0.000     6.427    
                         clock uncertainty            0.035     6.462    
    ILOGIC_X1Y120        ISERDESE2 (Hold_iserdese2_CLK_D)
                                                      0.134     6.596    lvds_irx0/gen_data_block[1].ISERDESE2_EVEN_inst
  -------------------------------------------------------------------
                         required time                         -6.596    
                         arrival time                           6.305    
  -------------------------------------------------------------------
                         slack                                 -0.291    





Pulse Width Checks
--------------------------------------------------------------------------------------
Clock Name:         ADC_dclk_P
Waveform(ns):       { 0.000 4.167 }
Period(ns):         8.333
Sources:            { ADC_dclk_P }

Check Type        Corner  Lib Pin      Reference Pin  Required(ns)  Actual(ns)  Slack(ns)  Location     Pin
Min Period        n/a     DSP48E1/CLK  n/a            3.272         8.333       5.061      DSP48_X1Y28  fft0/stage_1024/HWBFLY.bfly/CKPCE_THREE.mpy_pipe_out_reg/CLK
Low Pulse Width   Slow    RAMS32/CLK   n/a            1.130         4.166       3.036      SLICE_X2Y59  fft0/stage_16/imem_reg_0_7_0_0/SP/CLK
High Pulse Width  Slow    RAMS32/CLK   n/a            1.130         4.167       3.037      SLICE_X2Y59  fft0/stage_16/imem_reg_0_7_0_0/SP/CLK



---------------------------------------------------------------------------------------------------
From Clock:  SYS_clk
  To Clock:  SYS_clk

Setup :           NA  Failing Endpoints,  Worst Slack           NA  ,  Total Violation           NA
Hold  :           NA  Failing Endpoints,  Worst Slack           NA  ,  Total Violation           NA
PW    :            0  Failing Endpoints,  Worst Slack        7.000ns,  Total Violation        0.000ns
---------------------------------------------------------------------------------------------------


Pulse Width Checks
--------------------------------------------------------------------------------------
Clock Name:         SYS_clk
Waveform(ns):       { 0.000 10.000 }
Period(ns):         20.000
Sources:            { SYS_clk }

Check Type        Corner  Lib Pin            Reference Pin  Required(ns)  Actual(ns)  Slack(ns)  Location         Pin
Min Period        n/a     MMCME2_ADV/CLKIN1  n/a            1.249         20.000      18.751     MMCME2_ADV_X1Y2  hdmi_clk0/mmcm_hdmi/CLKIN1
Max Period        n/a     MMCME2_ADV/CLKIN1  n/a            100.000       20.000      80.000     MMCME2_ADV_X1Y2  hdmi_clk0/mmcm_hdmi/CLKIN1
Low Pulse Width   Slow    MMCME2_ADV/CLKIN1  n/a            3.000         10.000      7.000      MMCME2_ADV_X1Y2  hdmi_clk0/mmcm_hdmi/CLKIN1
High Pulse Width  Slow    MMCME2_ADV/CLKIN1  n/a            3.000         10.000      7.000      MMCME2_ADV_X1Y2  hdmi_clk0/mmcm_hdmi/CLKIN1



---------------------------------------------------------------------------------------------------
From Clock:  clk_pix_unbuf
  To Clock:  clk_pix_unbuf

Setup :            0  Failing Endpoints,  Worst Slack        0.115ns,  Total Violation        0.000ns
Hold  :            0  Failing Endpoints,  Worst Slack        0.062ns,  Total Violation        0.000ns
PW    :            0  Failing Endpoints,  Worst Slack        2.507ns,  Total Violation        0.000ns
---------------------------------------------------------------------------------------------------


Max Delay Paths
--------------------------------------------------------------------------------------
Slack (MET) :             0.115ns  (required time - arrival time)
  Source:                 screen_0/addr_r_reg[2]/C
                            (rising edge-triggered cell FDRE clocked by clk_pix_unbuf  {rise@0.000ns fall@3.361ns period=6.723ns})
  Destination:            gen_membank[3].wfMem/mem_reg_0_6/ADDRBWRADDR[1]
                            (rising edge-triggered cell RAMB36E1 clocked by clk_pix_unbuf  {rise@0.000ns fall@3.361ns period=6.723ns})
  Path Group:             clk_pix_unbuf
  Path Type:              Setup (Max at Slow Process Corner)
  Requirement:            6.723ns  (clk_pix_unbuf rise@6.723ns - clk_pix_unbuf rise@0.000ns)
  Data Path Delay:        6.099ns  (logic 0.379ns (6.214%)  route 5.720ns (93.786%))
  Logic Levels:           0  
  Clock Path Skew:        0.073ns (DCD - SCD + CPR)
    Destination Clock Delay (DCD):    4.759ns = ( 11.481 - 6.723 ) 
    Source Clock Delay      (SCD):    4.960ns
    Clock Pessimism Removal (CPR):    0.275ns
  Clock Uncertainty:      0.091ns  ((TSJ^2 + DJ^2)^1/2) / 2 + PE
    Total System Jitter     (TSJ):    0.071ns
    Discrete Jitter          (DJ):    0.168ns
    Phase Error              (PE):    0.000ns

    Location             Delay type                Incr(ns)  Path(ns)    Netlist Resource(s)
  -------------------------------------------------------------------    -------------------
                         (clock clk_pix_unbuf rise edge)
                                                      0.000     0.000 r  
    E3                                                0.000     0.000 r  SYS_clk (IN)
                         net (fo=0)                   0.000     0.000    SYS_clk
    E3                   IBUF (Prop_ibuf_I_O)         0.899     0.899 r  SYS_clk_IBUF_inst/O
                         net (fo=2, routed)           1.065     1.964    hdmi_clk0/SYS_clk
    MMCME2_ADV_X1Y2      MMCME2_ADV (Prop_mmcme2_adv_CLKIN1_CLKOUT1)
                                                      0.077     2.041 r  hdmi_clk0/mmcm_hdmi/CLKOUT1
                         net (fo=1, routed)           1.449     3.490    hdmi_clk0/clk_pix_unbuf
    BUFGCTRL_X0Y16       BUFG (Prop_bufg_I_O)         0.081     3.571 r  hdmi_clk0/bufg_pix/O
                         net (fo=2119, routed)        1.390     4.960    screen_0/i_pixClk
    SLICE_X11Y90         FDRE                                         r  screen_0/addr_r_reg[2]/C
  -------------------------------------------------------------------    -------------------
    SLICE_X11Y90         FDRE (Prop_fdre_C_Q)         0.379     5.339 r  screen_0/addr_r_reg[2]/Q
                         net (fo=72, routed)          5.720    11.059    gen_membank[3].wfMem/ADDRBWRADDR[1]
    RAMB36_X0Y1          RAMB36E1                                     r  gen_membank[3].wfMem/mem_reg_0_6/ADDRBWRADDR[1]
  -------------------------------------------------------------------    -------------------

                         (clock clk_pix_unbuf rise edge)
                                                      6.723     6.723 r  
    E3                                                0.000     6.723 r  SYS_clk (IN)
                         net (fo=0)                   0.000     6.723    SYS_clk
    E3                   IBUF (Prop_ibuf_I_O)         0.768     7.491 r  SYS_clk_IBUF_inst/O
                         net (fo=2, routed)           1.004     8.494    hdmi_clk0/SYS_clk
    MMCME2_ADV_X1Y2      MMCME2_ADV (Prop_mmcme2_adv_CLKIN1_CLKOUT1)
                                                      0.073     8.567 r  hdmi_clk0/mmcm_hdmi/CLKOUT1
                         net (fo=1, routed)           1.381     9.949    hdmi_clk0/clk_pix_unbuf
    BUFGCTRL_X0Y16       BUFG (Prop_bufg_I_O)         0.077    10.026 r  hdmi_clk0/bufg_pix/O
                         net (fo=2119, routed)        1.456    11.481    gen_membank[3].wfMem/o_ReadStrobe
    RAMB36_X0Y1          RAMB36E1                                     r  gen_membank[3].wfMem/mem_reg_0_6/CLKBWRCLK
                         clock pessimism              0.275    11.756    
                         clock uncertainty           -0.091    11.665    
    RAMB36_X0Y1          RAMB36E1 (Setup_ramb36e1_CLKBWRCLK_ADDRBWRADDR[1])
                                                     -0.490    11.175    gen_membank[3].wfMem/mem_reg_0_6
  -------------------------------------------------------------------
                         required time                         11.175    
                         arrival time                         -11.059    
  -------------------------------------------------------------------
                         slack                                  0.115    





Min Delay Paths
--------------------------------------------------------------------------------------
Slack (MET) :             0.062ns  (arrival time - required time)
  Source:                 polar_0/cordic_pix/gen_stage[9].xs_reg[10][1]/C
                            (rising edge-triggered cell FDRE clocked by clk_pix_unbuf  {rise@0.000ns fall@3.361ns period=6.723ns})
  Destination:            polar_0/cordic_pix/gen_stage[10].xs_reg[11][1]/D
                            (rising edge-triggered cell FDRE clocked by clk_pix_unbuf  {rise@0.000ns fall@3.361ns period=6.723ns})
  Path Group:             clk_pix_unbuf
  Path Type:              Hold (Min at Fast Process Corner)
  Requirement:            0.000ns  (clk_pix_unbuf rise@0.000ns - clk_pix_unbuf rise@0.000ns)
  Data Path Delay:        0.431ns  (logic 0.251ns (58.286%)  route 0.180ns (41.714%))
  Logic Levels:           2  (CARRY4=1 LUT3=1)
  Clock Path Skew:        0.264ns (DCD - SCD - CPR)
    Destination Clock Delay (DCD):    2.330ns
    Source Clock Delay      (SCD):    1.786ns
    Clock Pessimism Removal (CPR):    0.279ns

    Location             Delay type                Incr(ns)  Path(ns)    Netlist Resource(s)
  -------------------------------------------------------------------    -------------------
                         (clock clk_pix_unbuf rise edge)
                                                      0.000     0.000 r  
    E3                                                0.000     0.000 r  SYS_clk (IN)
                         net (fo=0)                   0.000     0.000    SYS_clk
    E3                   IBUF (Prop_ibuf_I_O)         0.196     0.196 r  SYS_clk_IBUF_inst/O
                         net (fo=2, routed)           0.440     0.636    hdmi_clk0/SYS_clk
    MMCME2_ADV_X1Y2      MMCME2_ADV (Prop_mmcme2_adv_CLKIN1_CLKOUT1)
                                                      0.050     0.686 r  hdmi_clk0/mmcm_hdmi/CLKOUT1
                         net (fo=1, routed)           0.499     1.185    hdmi_clk0/clk_pix_unbuf
    BUFGCTRL_X0Y16       BUFG (Prop_bufg_I_O)         0.026     1.211 r  hdmi_clk0/bufg_pix/O
                         net (fo=2119, routed)        0.576     1.786    polar_0/cordic_pix/i_pixClk
    SLICE_X9Y99          FDRE                                         r  polar_0/cordic_pix/gen_stage[9].xs_reg[10][1]/C
  -------------------------------------------------------------------    -------------------
    SLICE_X9Y99          FDRE (Prop_fdre_C_Q)         0.141     1.927 r  polar_0/cordic_pix/gen_stage[9].xs_reg[10][1]/Q
                         net (fo=2, routed)           0.180     2.107    polar_0/cordic_pix/gen_stage[9].xs_reg[10][1]
    SLICE_X11Y103        LUT3 (Prop_lut3_I0_O)        0.045     2.152 r  polar_0/cordic_pix/gen_stage[10].xs[11][3]_i_4/O
                         net (fo=1, routed)           0.000     2.152    polar_0/cordic_pix/gen_stage[10].xs[11][3]_i_4_n_0
    SLICE_X11Y103        CARRY4 (Prop_carry4_S[1]_O[1])
                                                      0.065     2.217 r  polar_0/cordic_pix/gen_stage[10].xs_reg[11][3]_i_1/O[1]
                         net (fo=1, routed)           0.000     2.217    polar_0/cordic_pix/gen_stage[10].xs_reg[11][3]_i_1_n_6
    SLICE_X11Y103        FDRE                                         r  polar_0/cordic_pix/gen_stage[10].xs_reg[11][1]/D
  -------------------------------------------------------------------    -------------------

                         (clock clk_pix_unbuf rise edge)
                                                      0.000     0.000 r  
    E3                                                0.000     0.000 r  SYS_clk (IN)
                         net (fo=0)                   0.000     0.000    SYS_clk
    E3                   IBUF (Prop_ibuf_I_O)         0.385     0.385 r  SYS_clk_IBUF_inst/O
                         net (fo=2, routed)           0.480     0.865    hdmi_clk0/SYS_clk
    MMCME2_ADV_X1Y2      MMCME2_ADV (Prop_mmcme2_adv_CLKIN1_CLKOUT1)
                                                      0.053     0.918 r  hdmi_clk0/mmcm_hdmi/CLKOUT1
                         net (fo=1, routed)           0.544     1.461    hdmi_clk0/clk_pix_unbuf
    BUFGCTRL_X0Y16       BUFG (Prop_bufg_I_O)         0.029     1.490 r  hdmi_clk0/bufg_pix/O
                         net (fo=2119, routed)        0.840     2.330    polar_0/cordic_pix/i_pixClk
    SLICE_X11Y103        FDRE                                         r  polar_0/cordic_pix/gen_stage[10].xs_reg[11][1]/C
                         clock pessimism             -0.279     2.050    
    SLICE_X11Y103        FDRE (Hold_fdre_C_D)         0.105     2.155    polar_0/cordic_pix/gen_stage[10].xs_reg[11][1]
  -------------------------------------------------------------------
                         required time                         -2.155    
                         arrival time                           2.217    
  -------------------------------------------------------------------
                         slack                                  0.062    





Pulse Width Checks
--------------------------------------------------------------------------------------
Clock Name:         clk_pix_unbuf
Waveform(ns):       { 0.000 3.361 }
Period(ns):         6.723
Sources:            { hdmi_clk0/mmcm_hdmi/CLKOUT1 }

Check Type        Corner  Lib Pin             Reference Pin  Required(ns)  Actual(ns)  Slack(ns)  Location         Pin
Min Period        n/a     RAMB36E1/CLKBWRCLK  n/a            2.389         6.723       4.334      RAMB36_X0Y5      gen_membank[0].wfMem/mem_reg_0_0/CLKBWRCLK
Max Period        n/a     MMCME2_ADV/CLKOUT1  n/a            213.360       6.723       206.637    MMCME2_ADV_X1Y2  hdmi_clk0/mmcm_hdmi/CLKOUT1
Low Pulse Width   Slow    SRLC32E/CLK         n/a            0.854         3.361       2.507      SLICE_X2Y115     polar_0/de_fed_sr_reg[18]_srl18/CLK
High Pulse Width  Slow    SRLC32E/CLK         n/a            0.854         3.361       2.507      SLICE_X2Y115     polar_0/de_fed_sr_reg[18]_srl18/CLK



---------------------------------------------------------------------------------------------------
From Clock:  clk_serial_unbuf
  To Clock:  clk_serial_unbuf

Setup :           NA  Failing Endpoints,  Worst Slack           NA  ,  Total Violation           NA
Hold  :           NA  Failing Endpoints,  Worst Slack           NA  ,  Total Violation           NA
PW    :            9  Failing Endpoints,  Worst Slack       -0.248ns,  Total Violation       -1.260ns
---------------------------------------------------------------------------------------------------


Pulse Width Checks
--------------------------------------------------------------------------------------
Clock Name:         clk_serial_unbuf
Waveform(ns):       { 0.000 0.672 }
Period(ns):         1.345
Sources:            { hdmi_clk0/mmcm_hdmi/CLKOUT0 }

Check Type  Corner  Lib Pin             Reference Pin  Required(ns)  Actual(ns)  Slack(ns)  Location         Pin
Min Period  n/a     BUFG/I              n/a            1.592         1.345       -0.248     BUFGCTRL_X0Y17   hdmi_clk0/bufg_serial/I
Max Period  n/a     MMCME2_ADV/CLKOUT0  n/a            213.360       1.345       212.015    MMCME2_ADV_X1Y2  hdmi_clk0/mmcm_hdmi/CLKOUT0



---------------------------------------------------------------------------------------------------
From Clock:  clkfb
  To Clock:  clkfb

Setup :           NA  Failing Endpoints,  Worst Slack           NA  ,  Total Violation           NA
Hold  :           NA  Failing Endpoints,  Worst Slack           NA  ,  Total Violation           NA
PW    :            0  Failing Endpoints,  Worst Slack       18.751ns,  Total Violation        0.000ns
---------------------------------------------------------------------------------------------------


Pulse Width Checks
--------------------------------------------------------------------------------------
Clock Name:         clkfb
Waveform(ns):       { 0.000 10.000 }
Period(ns):         20.000
Sources:            { hdmi_clk0/mmcm_hdmi/CLKFBOUT }

Check Type  Corner  Lib Pin              Reference Pin  Required(ns)  Actual(ns)  Slack(ns)  Location         Pin
Min Period  n/a     MMCME2_ADV/CLKFBOUT  n/a            1.249         20.000      18.751     MMCME2_ADV_X1Y2  hdmi_clk0/mmcm_hdmi/CLKFBOUT
Max Period  n/a     MMCME2_ADV/CLKFBIN   n/a            100.000       20.000      80.000     MMCME2_ADV_X1Y2  hdmi_clk0/mmcm_hdmi/CLKFBIN



---------------------------------------------------------------------------------------------------
From Clock:  video_clk0/inst/i_clk_50M
  To Clock:  video_clk0/inst/i_clk_50M

Setup :           NA  Failing Endpoints,  Worst Slack           NA  ,  Total Violation           NA
Hold  :           NA  Failing Endpoints,  Worst Slack           NA  ,  Total Violation           NA
PW    :            0  Failing Endpoints,  Worst Slack        7.000ns,  Total Violation        0.000ns
---------------------------------------------------------------------------------------------------


Pulse Width Checks
--------------------------------------------------------------------------------------
Clock Name:         video_clk0/inst/i_clk_50M
Waveform(ns):       { 0.000 10.000 }
Period(ns):         20.000
Sources:            { video_clk0/inst/i_clk_50M }

Check Type        Corner  Lib Pin            Reference Pin  Required(ns)  Actual(ns)  Slack(ns)  Location         Pin
Min Period        n/a     MMCME2_ADV/CLKIN1  n/a            1.249         20.000      18.751     MMCME2_ADV_X1Y1  video_clk0/inst/mmcm_adv_inst/CLKIN1
Max Period        n/a     MMCME2_ADV/CLKIN1  n/a            100.000       20.000      80.000     MMCME2_ADV_X1Y1  video_clk0/inst/mmcm_adv_inst/CLKIN1
Low Pulse Width   Slow    MMCME2_ADV/CLKIN1  n/a            3.000         10.000      7.000      MMCME2_ADV_X1Y1  video_clk0/inst/mmcm_adv_inst/CLKIN1
High Pulse Width  Slow    MMCME2_ADV/CLKIN1  n/a            3.000         10.000      7.000      MMCME2_ADV_X1Y1  video_clk0/inst/mmcm_adv_inst/CLKIN1



---------------------------------------------------------------------------------------------------
From Clock:  clkfbout_Video_clk
  To Clock:  clkfbout_Video_clk

Setup :           NA  Failing Endpoints,  Worst Slack           NA  ,  Total Violation           NA
Hold  :           NA  Failing Endpoints,  Worst Slack           NA  ,  Total Violation           NA
PW    :            0  Failing Endpoints,  Worst Slack       18.408ns,  Total Violation        0.000ns
---------------------------------------------------------------------------------------------------


Pulse Width Checks
--------------------------------------------------------------------------------------
Clock Name:         clkfbout_Video_clk
Waveform(ns):       { 0.000 10.000 }
Period(ns):         20.000
Sources:            { video_clk0/inst/mmcm_adv_inst/CLKFBOUT }

Check Type  Corner  Lib Pin             Reference Pin  Required(ns)  Actual(ns)  Slack(ns)  Location         Pin
Min Period  n/a     BUFG/I              n/a            1.592         20.000      18.408     BUFGCTRL_X0Y4    video_clk0/inst/clkf_buf/I
Max Period  n/a     MMCME2_ADV/CLKFBIN  n/a            100.000       20.000      80.000     MMCME2_ADV_X1Y1  video_clk0/inst/mmcm_adv_inst/CLKFBIN



---------------------------------------------------------------------------------------------------
From Clock:  o_clk_120M_Video_clk
  To Clock:  o_clk_120M_Video_clk

Setup :            0  Failing Endpoints,  Worst Slack        3.867ns,  Total Violation        0.000ns
Hold  :            0  Failing Endpoints,  Worst Slack        0.185ns,  Total Violation        0.000ns
PW    :            0  Failing Endpoints,  Worst Slack        3.603ns,  Total Violation        0.000ns
---------------------------------------------------------------------------------------------------


Max Delay Paths
--------------------------------------------------------------------------------------
Slack (MET) :             3.867ns  (required time - arrival time)
  Source:                 heal_pulse_reg[2]/C
                            (rising edge-triggered cell FDRE clocked by o_clk_120M_Video_clk  {rise@0.000ns fall@4.103ns period=8.205ns})
  Destination:            heal_pulse_reg[5]/D
                            (rising edge-triggered cell FDRE clocked by o_clk_120M_Video_clk  {rise@0.000ns fall@4.103ns period=8.205ns})
  Path Group:             o_clk_120M_Video_clk
  Path Type:              Setup (Max at Slow Process Corner)
  Requirement:            8.205ns  (o_clk_120M_Video_clk rise@8.205ns - o_clk_120M_Video_clk rise@0.000ns)
  Data Path Delay:        4.169ns  (logic 1.275ns (30.584%)  route 2.894ns (69.416%))
  Logic Levels:           4  (LUT4=3 LUT5=1)
  Clock Path Skew:        -0.024ns (DCD - SCD + CPR)
    Destination Clock Delay (DCD):    -2.187ns = ( 6.018 - 8.205 ) 
    Source Clock Delay      (SCD):    -1.803ns
    Clock Pessimism Removal (CPR):    0.360ns
  Clock Uncertainty:      0.086ns  ((TSJ^2 + DJ^2)^1/2) / 2 + PE
    Total System Jitter     (TSJ):    0.071ns
    Discrete Jitter          (DJ):    0.156ns
    Phase Error              (PE):    0.000ns

    Location             Delay type                Incr(ns)  Path(ns)    Netlist Resource(s)
  -------------------------------------------------------------------    -------------------
                         (clock o_clk_120M_Video_clk rise edge)
                                                      0.000     0.000 r  
    E3                   IBUF                         0.000     0.000 r  SYS_clk_IBUF_inst/O
                         net (fo=2, routed)           1.194     1.194    video_clk0/inst/i_clk_50M
    MMCME2_ADV_X1Y1      MMCME2_ADV (Prop_mmcme2_adv_CLKIN1_CLKOUT3)
                                                     -5.972    -4.778 r  video_clk0/inst/mmcm_adv_inst/CLKOUT3
                         net (fo=2, routed)           1.449    -3.330    video_clk0/inst/o_clk_120M_Video_clk
    BUFGCTRL_X0Y2        BUFGCTRL (Prop_bufgctrl_I0_O)
                                                      0.081    -3.249 r  video_clk0/inst/clkout4_buf/O
                         net (fo=112, routed)         1.445    -1.803    clk_120M
    SLICE_X87Y111        FDRE                                         r  heal_pulse_reg[2]/C
  -------------------------------------------------------------------    -------------------
    SLICE_X87Y111        FDRE (Prop_fdre_C_Q)         0.348    -1.455 f  heal_pulse_reg[2]/Q
                         net (fo=4, routed)           0.707    -0.748    heal_pulse_reg_n_0_[2]
    SLICE_X87Y111        LUT4 (Prop_lut4_I3_O)        0.252    -0.496 r  heal_pulse[6]_i_3/O
                         net (fo=5, routed)           0.534     0.038    heal_pulse[6]_i_3_n_0
    SLICE_X86Y111        LUT4 (Prop_lut4_I0_O)        0.295     0.333 r  heal_pulse[6]_i_5/O
                         net (fo=1, routed)           0.374     0.707    heal_pulse[6]_i_5_n_0
    SLICE_X84Y112        LUT5 (Prop_lut5_I4_O)        0.275     0.982 f  heal_pulse[6]_i_4/O
                         net (fo=14, routed)          0.757     1.739    heal_pulse[6]_i_4_n_0
    SLICE_X86Y111        LUT4 (Prop_lut4_I3_O)        0.105     1.844 r  heal_pulse[5]_i_1/O
                         net (fo=1, routed)           0.522     2.365    heal_pulse[5]_i_1_n_0
    SLICE_X86Y111        FDRE                                         r  heal_pulse_reg[5]/D
  -------------------------------------------------------------------    -------------------

                         (clock o_clk_120M_Video_clk rise edge)
                                                      8.205     8.205 r  
    E3                   IBUF                         0.000     8.205 r  SYS_clk_IBUF_inst/O
                         net (fo=2, routed)           1.127     9.332    video_clk0/inst/i_clk_50M
    MMCME2_ADV_X1Y1      MMCME2_ADV (Prop_mmcme2_adv_CLKIN1_CLKOUT3)
                                                     -6.107     3.224 r  video_clk0/inst/mmcm_adv_inst/CLKOUT3
                         net (fo=2, routed)           1.381     4.606    video_clk0/inst/o_clk_120M_Video_clk
    BUFGCTRL_X0Y2        BUFGCTRL (Prop_bufgctrl_I0_O)
                                                      0.077     4.683 r  video_clk0/inst/clkout4_buf/O
                         net (fo=112, routed)         1.335     6.018    clk_120M
    SLICE_X86Y111        FDRE                                         r  heal_pulse_reg[5]/C
                         clock pessimism              0.360     6.378    
                         clock uncertainty           -0.086     6.292    
    SLICE_X86Y111        FDRE (Setup_fdre_C_D)       -0.059     6.233    heal_pulse_reg[5]
  -------------------------------------------------------------------
                         required time                          6.233    
                         arrival time                          -2.365    
  -------------------------------------------------------------------
                         slack                                  3.867    





Min Delay Paths
--------------------------------------------------------------------------------------
Slack (MET) :             0.185ns  (arrival time - required time)
  Source:                 heal_cnt_reg[0]/C
                            (rising edge-triggered cell FDRE clocked by o_clk_120M_Video_clk  {rise@0.000ns fall@4.103ns period=8.205ns})
  Destination:            heal_cnt_reg[1]/D
                            (rising edge-triggered cell FDRE clocked by o_clk_120M_Video_clk  {rise@0.000ns fall@4.103ns period=8.205ns})
  Path Group:             o_clk_120M_Video_clk
  Path Type:              Hold (Min at Fast Process Corner)
  Requirement:            0.000ns  (o_clk_120M_Video_clk rise@0.000ns - o_clk_120M_Video_clk rise@0.000ns)
  Data Path Delay:        0.345ns  (logic 0.186ns (53.859%)  route 0.159ns (46.141%))
  Logic Levels:           1  (LUT3=1)
  Clock Path Skew:        0.039ns (DCD - SCD - CPR)
    Destination Clock Delay (DCD):    -1.193ns
    Source Clock Delay      (SCD):    -0.776ns
    Clock Pessimism Removal (CPR):    -0.456ns

    Location             Delay type                Incr(ns)  Path(ns)    Netlist Resource(s)
  -------------------------------------------------------------------    -------------------
                         (clock o_clk_120M_Video_clk rise edge)
                                                      0.000     0.000 r  
    E3                   IBUF                         0.000     0.000 r  SYS_clk_IBUF_inst/O
                         net (fo=2, routed)           0.489     0.489    video_clk0/inst/i_clk_50M
    MMCME2_ADV_X1Y1      MMCME2_ADV (Prop_mmcme2_adv_CLKIN1_CLKOUT3)
                                                     -2.382    -1.893 r  video_clk0/inst/mmcm_adv_inst/CLKOUT3
                         net (fo=2, routed)           0.499    -1.394    video_clk0/inst/o_clk_120M_Video_clk
    BUFGCTRL_X0Y2        BUFGCTRL (Prop_bufgctrl_I0_O)
                                                      0.026    -1.368 r  video_clk0/inst/clkout4_buf/O
                         net (fo=112, routed)         0.593    -0.776    clk_120M
    SLICE_X79Y112        FDRE                                         r  heal_cnt_reg[0]/C
  -------------------------------------------------------------------    -------------------
    SLICE_X79Y112        FDRE (Prop_fdre_C_Q)         0.141    -0.635 r  heal_cnt_reg[0]/Q
                         net (fo=6, routed)           0.159    -0.475    heal_cnt[0]
    SLICE_X80Y112        LUT3 (Prop_lut3_I1_O)        0.045    -0.430 r  heal_cnt[1]_i_1/O
                         net (fo=1, routed)           0.000    -0.430    heal_cnt[1]_i_1_n_0
    SLICE_X80Y112        FDRE                                         r  heal_cnt_reg[1]/D
  -------------------------------------------------------------------    -------------------

                         (clock o_clk_120M_Video_clk rise edge)
                                                      0.000     0.000 r  
    E3                   IBUF                         0.000     0.000 r  SYS_clk_IBUF_inst/O
                         net (fo=2, routed)           0.536     0.536    video_clk0/inst/i_clk_50M
    MMCME2_ADV_X1Y1      MMCME2_ADV (Prop_mmcme2_adv_CLKIN1_CLKOUT3)
                                                     -3.167    -2.631 r  video_clk0/inst/mmcm_adv_inst/CLKOUT3
                         net (fo=2, routed)           0.544    -2.088    video_clk0/inst/o_clk_120M_Video_clk
    BUFGCTRL_X0Y2        BUFGCTRL (Prop_bufgctrl_I0_O)
                                                      0.029    -2.059 r  video_clk0/inst/clkout4_buf/O
                         net (fo=112, routed)         0.865    -1.193    clk_120M
    SLICE_X80Y112        FDRE                                         r  heal_cnt_reg[1]/C
                         clock pessimism              0.456    -0.737    
    SLICE_X80Y112        FDRE (Hold_fdre_C_D)         0.121    -0.616    heal_cnt_reg[1]
  -------------------------------------------------------------------
                         required time                          0.616    
                         arrival time                          -0.430    
  -------------------------------------------------------------------
                         slack                                  0.185    





Pulse Width Checks
--------------------------------------------------------------------------------------
Clock Name:         o_clk_120M_Video_clk
Waveform(ns):       { 0.000 4.103 }
Period(ns):         8.205
Sources:            { video_clk0/inst/mmcm_adv_inst/CLKOUT3 }

Check Type        Corner  Lib Pin             Reference Pin  Required(ns)  Actual(ns)  Slack(ns)  Location         Pin
Min Period        n/a     BUFGCTRL/I0         n/a            1.592         8.205       6.613      BUFGCTRL_X0Y2    video_clk0/inst/clkout4_buf/I0
Max Period        n/a     MMCME2_ADV/CLKOUT3  n/a            213.360       8.205       205.155    MMCME2_ADV_X1Y1  video_clk0/inst/mmcm_adv_inst/CLKOUT3
Low Pulse Width   Slow    FDRE/C              n/a            0.500         4.103       3.603      SLICE_X37Y83     dbg_adc_ipar_reg[0]/C
High Pulse Width  Slow    FDRE/C              n/a            0.500         4.103       3.603      SLICE_X37Y83     dbg_adc_ipar_reg[0]/C



---------------------------------------------------------------------------------------------------
From Clock:  o_clk_195M_Video_clk
  To Clock:  o_clk_195M_Video_clk

Setup :            0  Failing Endpoints,  Worst Slack        3.661ns,  Total Violation        0.000ns
Hold  :            0  Failing Endpoints,  Worst Slack        0.287ns,  Total Violation        0.000ns
PW    :            0  Failing Endpoints,  Worst Slack        0.136ns,  Total Violation        0.000ns
---------------------------------------------------------------------------------------------------


Max Delay Paths
--------------------------------------------------------------------------------------
Slack (MET) :             3.661ns  (required time - arrival time)
  Source:                 video_clk0/inst/seq_reg3_reg[7]/C
                            (rising edge-triggered cell FDCE clocked by o_clk_195M_Video_clk  {rise@0.000ns fall@2.564ns period=5.128ns})
  Destination:            video_clk0/inst/clkout3_buf/CE0
                            (rising edge-triggered cell BUFGCTRL clocked by o_clk_195M_Video_clk  {rise@0.000ns fall@2.564ns period=5.128ns})
  Path Group:             o_clk_195M_Video_clk
  Path Type:              Setup (Max at Slow Process Corner)
  Requirement:            5.128ns  (o_clk_195M_Video_clk rise@5.128ns - o_clk_195M_Video_clk rise@0.000ns)
  Data Path Delay:        0.759ns  (logic 0.433ns (57.041%)  route 0.326ns (42.959%))
  Logic Levels:           0  
  Clock Path Skew:        -0.504ns (DCD - SCD + CPR)
    Destination Clock Delay (DCD):    -3.599ns = ( 1.529 - 5.128 ) 
    Source Clock Delay      (SCD):    -2.893ns
    Clock Pessimism Removal (CPR):    0.202ns
  Clock Uncertainty:      0.080ns  ((TSJ^2 + DJ^2)^1/2) / 2 + PE
    Total System Jitter     (TSJ):    0.071ns
    Discrete Jitter          (DJ):    0.143ns
    Phase Error              (PE):    0.000ns

    Location             Delay type                Incr(ns)  Path(ns)    Netlist Resource(s)
  -------------------------------------------------------------------    -------------------
                         (clock o_clk_195M_Video_clk rise edge)
                                                      0.000     0.000 r  
    E3                   IBUF                         0.000     0.000 r  SYS_clk_IBUF_inst/O
                         net (fo=2, routed)           1.194     1.194    video_clk0/inst/i_clk_50M
    MMCME2_ADV_X1Y1      MMCME2_ADV (Prop_mmcme2_adv_CLKIN1_CLKOUT2)
                                                     -5.972    -4.778 r  video_clk0/inst/mmcm_adv_inst/CLKOUT2
                         net (fo=2, routed)           1.092    -3.686    video_clk0/inst/o_clk_195M_Video_clk
    BUFHCE_X0Y12         BUFH (Prop_bufh_I_O)         0.106    -3.580 r  video_clk0/inst/clkout3_buf_en/O
                         net (fo=8, routed)           0.687    -2.893    video_clk0/inst/o_clk_195M_Video_clk_en_clk
    SLICE_X50Y96         FDCE                                         r  video_clk0/inst/seq_reg3_reg[7]/C
  -------------------------------------------------------------------    -------------------
    SLICE_X50Y96         FDCE (Prop_fdce_C_Q)         0.433    -2.460 r  video_clk0/inst/seq_reg3_reg[7]/Q
                         net (fo=1, routed)           0.326    -2.134    video_clk0/inst/seq_reg3[7]
    BUFGCTRL_X0Y1        BUFGCTRL                                     r  video_clk0/inst/clkout3_buf/CE0
  -------------------------------------------------------------------    -------------------

                         (clock o_clk_195M_Video_clk rise edge)
                                                      5.128     5.128 r  
    E3                   IBUF                         0.000     5.128 r  SYS_clk_IBUF_inst/O
                         net (fo=2, routed)           1.127     6.255    video_clk0/inst/i_clk_50M
    MMCME2_ADV_X1Y1      MMCME2_ADV (Prop_mmcme2_adv_CLKIN1_CLKOUT2)
                                                     -6.107     0.148 r  video_clk0/inst/mmcm_adv_inst/CLKOUT2
                         net (fo=2, routed)           1.381     1.529    video_clk0/inst/o_clk_195M_Video_clk
    BUFGCTRL_X0Y1        BUFGCTRL                                     r  video_clk0/inst/clkout3_buf/I0
                         clock pessimism              0.202     1.731    
                         clock uncertainty           -0.080     1.652    
    BUFGCTRL_X0Y1        BUFGCTRL (Setup_bufgctrl_I0_CE0)
                                                     -0.125     1.527    video_clk0/inst/clkout3_buf
  -------------------------------------------------------------------
                         required time                          1.527    
                         arrival time                           2.134    
  -------------------------------------------------------------------
                         slack                                  3.661    





Min Delay Paths
--------------------------------------------------------------------------------------
Slack (MET) :             0.287ns  (arrival time - required time)
  Source:                 video_clk0/inst/seq_reg3_reg[7]/C
                            (rising edge-triggered cell FDCE clocked by o_clk_195M_Video_clk  {rise@0.000ns fall@2.564ns period=5.128ns})
  Destination:            video_clk0/inst/clkout3_buf/CE0
                            (rising edge-triggered cell BUFGCTRL clocked by o_clk_195M_Video_clk  {rise@0.000ns fall@2.564ns period=5.128ns})
  Path Group:             o_clk_195M_Video_clk
  Path Type:              Hold (Min at Fast Process Corner)
  Requirement:            0.000ns  (o_clk_195M_Video_clk rise@0.000ns - o_clk_195M_Video_clk rise@0.000ns)
  Data Path Delay:        0.317ns  (logic 0.164ns (51.718%)  route 0.153ns (48.282%))
  Logic Levels:           0  
  Clock Path Skew:        -0.128ns (DCD - SCD - CPR)
    Destination Clock Delay (DCD):    -2.087ns
    Source Clock Delay      (SCD):    -1.221ns
    Clock Pessimism Removal (CPR):    -0.738ns

    Location             Delay type                Incr(ns)  Path(ns)    Netlist Resource(s)
  -------------------------------------------------------------------    -------------------
                         (clock o_clk_195M_Video_clk rise edge)
                                                      0.000     0.000 r  
    E3                   IBUF                         0.000     0.000 r  SYS_clk_IBUF_inst/O
                         net (fo=2, routed)           0.489     0.489    video_clk0/inst/i_clk_50M
    MMCME2_ADV_X1Y1      MMCME2_ADV (Prop_mmcme2_adv_CLKIN1_CLKOUT2)
                                                     -2.382    -1.893 r  video_clk0/inst/mmcm_adv_inst/CLKOUT2
                         net (fo=2, routed)           0.379    -1.514    video_clk0/inst/o_clk_195M_Video_clk
    BUFHCE_X0Y12         BUFH (Prop_bufh_I_O)         0.020    -1.494 r  video_clk0/inst/clkout3_buf_en/O
                         net (fo=8, routed)           0.273    -1.221    video_clk0/inst/o_clk_195M_Video_clk_en_clk
    SLICE_X50Y96         FDCE                                         r  video_clk0/inst/seq_reg3_reg[7]/C
  -------------------------------------------------------------------    -------------------
    SLICE_X50Y96         FDCE (Prop_fdce_C_Q)         0.164    -1.057 r  video_clk0/inst/seq_reg3_reg[7]/Q
                         net (fo=1, routed)           0.153    -0.904    video_clk0/inst/seq_reg3[7]
    BUFGCTRL_X0Y1        BUFGCTRL                                     r  video_clk0/inst/clkout3_buf/CE0
  -------------------------------------------------------------------    -------------------

                         (clock o_clk_195M_Video_clk rise edge)
                                                      0.000     0.000 r  
    E3                   IBUF                         0.000     0.000 r  SYS_clk_IBUF_inst/O
                         net (fo=2, routed)           0.536     0.536    video_clk0/inst/i_clk_50M
    MMCME2_ADV_X1Y1      MMCME2_ADV (Prop_mmcme2_adv_CLKIN1_CLKOUT2)
                                                     -3.167    -2.631 r  video_clk0/inst/mmcm_adv_inst/CLKOUT2
                         net (fo=2, routed)           0.544    -2.088    video_clk0/inst/o_clk_195M_Video_clk
    BUFGCTRL_X0Y1        BUFGCTRL                                     r  video_clk0/inst/clkout3_buf/I0
                         clock pessimism              0.738    -1.350    
    BUFGCTRL_X0Y1        BUFGCTRL (Hold_bufgctrl_I0_CE0)
                                                      0.159    -1.191    video_clk0/inst/clkout3_buf
  -------------------------------------------------------------------
                         required time                          1.191    
                         arrival time                          -0.904    
  -------------------------------------------------------------------
                         slack                                  0.287    





Pulse Width Checks
--------------------------------------------------------------------------------------
Clock Name:         o_clk_195M_Video_clk
Waveform(ns):       { 0.000 2.564 }
Period(ns):         5.128
Sources:            { video_clk0/inst/mmcm_adv_inst/CLKOUT2 }

Check Type        Corner  Lib Pin            Reference Pin  Required(ns)  Actual(ns)  Slack(ns)  Location         Pin
Min Period        n/a     IDELAYCTRL/REFCLK  n/a            2.438         5.128       2.690      IDELAYCTRL_X1Y2  IDELAYCTRL0/REFCLK
Max Period        n/a     IDELAYCTRL/REFCLK  n/a            5.264         5.128       0.136      IDELAYCTRL_X1Y2  IDELAYCTRL0/REFCLK
Low Pulse Width   Slow    FDCE/C             n/a            0.500         2.564       2.064      SLICE_X50Y96     video_clk0/inst/seq_reg3_reg[0]/C
High Pulse Width  Slow    FDCE/C             n/a            0.500         2.564       2.064      SLICE_X50Y96     video_clk0/inst/seq_reg3_reg[0]/C



