#-----------------------------------------------------------
# Vivado v2025.2 (64-bit)
# SW Build 6299465 on Fri Nov 14 12:34:56 MST 2025
# IP Build 6300035 on Fri Nov 14 10:48:45 MST 2025
# SharedData Build 6298862 on Thu Nov 13 04:50:51 MST 2025
# Start of session at: Thu Aug 13 13:55:06 2026
# Process ID         : 820915
# Current directory  : /media/tobiw/LocalData/Data/RASentinel/RASPMO/vivado/RASPMO.runs/synth_1
# Command line       : vivado -log top.vds -product Vivado -mode batch -messageDb vivado.pb -notrace -source top.tcl
# Log file           : /media/tobiw/LocalData/Data/RASentinel/RASPMO/vivado/RASPMO.runs/synth_1/top.vds
# Journal file       : /media/tobiw/LocalData/Data/RASentinel/RASPMO/vivado/RASPMO.runs/synth_1/vivado.jou
# Running On         : R10DT01
# Platform           : Ubuntu
# Operating System   : Ubuntu 26.04 LTS
# Processor Detail   : AMD Ryzen 9 9950X3D2 16-Core Processor
# CPU Frequency      : 5285.024 MHz
# CPU Physical cores : 16
# CPU Logical cores  : 16
# Host memory        : 96051 MB
# Swap memory        : 8589 MB
# Total Virtual      : 104641 MB
# Available Virtual  : 92012 MB
#-----------------------------------------------------------
source top.tcl -notrace
