#-----------------------------------------------------------
# Vivado v2024.2 (64-bit)
# SW Build 5239630 on Fri Nov 08 22:35:27 MST 2024
# IP Build 5239520 on Sun Nov 10 16:12:51 MST 2024
# SharedData Build 5239561 on Fri Nov 08 14:39:27 MST 2024
# Start of session at: Wed Feb 26 16:34:28 2025
# Process ID         : 8784
# Current directory  : D:/Data/RASentinel/RASBB/DP-FPGA/DP_FPGA/DP_FPGA.runs/impl_1
# Command line       : vivado.exe -log DP_FPGA_top.vdi -applog -product Vivado -messageDb vivado.pb -mode batch -source DP_FPGA_top.tcl -notrace
# Log file           : D:/Data/RASentinel/RASBB/DP-FPGA/DP_FPGA/DP_FPGA.runs/impl_1/DP_FPGA_top.vdi
# Journal file       : D:/Data/RASentinel/RASBB/DP-FPGA/DP_FPGA/DP_FPGA.runs/impl_1\vivado.jou
# Running On         : PC1008
# Platform           : Windows Server 2016 or Windows 10
# Operating System   : 19045
# Processor Detail   : AMD Ryzen 9 9900X 12-Core Processor            
# CPU Frequency      : 4392 MHz
# CPU Physical cores : 12
# CPU Logical cores  : 24
# Host memory        : 50575 MB
# Swap memory        : 7247 MB
# Total Virtual      : 57823 MB
# Available Virtual  : 26616 MB
#-----------------------------------------------------------
source DP_FPGA_top.tcl -notrace
