
*** Running vivado
    with args -log top.vdi -applog -m64 -product Vivado -messageDb vivado.pb -mode batch -source top.tcl -notrace


****** Vivado v2025.2 (64-bit)
  **** SW Build 6299465 on Fri Nov 14 12:34:56 MST 2025
  **** IP Build 6300035 on Fri Nov 14 10:48:45 MST 2025
  **** SharedData Build 6298862 on Thu Nov 13 04:50:51 MST 2025
  **** Start of session at: Thu Aug 13 13:55:41 2026
    ** Copyright 1986-2022 Xilinx, Inc. All Rights Reserved.
    ** Copyright 2022-2025 Advanced Micro Devices, Inc. All Rights Reserved.

source top.tcl -notrace
Command: link_design -top top -part xc7a100tcsg324-2
Design is defaulting to srcset: sources_1
Design is defaulting to constrset: constrs_1
INFO: [Device 21-403] Loading part xc7a100tcsg324-2
INFO: [Project 1-5699] Read binary netlist with skipMacroContent - 1
INFO: [Project 1-454] Reading design checkpoint '/media/tobiw/LocalData/Data/RASentinel/RASPMO/vivado/RASPMO.runs/impl_1/.Xil/Vivado-822301-R10DT01/Video_clk/Video_clk.dcp' for cell 'video_clk0'
Netlist sorting complete. Time (s): cpu = 00:00:00.12 ; elapsed = 00:00:00.12 . Memory (MB): peak = 1832.137 ; gain = 0.000 ; free physical = 66325 ; free virtual = 87414
INFO: [Netlist 29-17] Analyzing 4899 Unisim elements for replacement
INFO: [Netlist 29-28] Unisim Transformation completed in 0 CPU seconds
INFO: [Project 1-479] Netlist was created with Vivado 2025.2
INFO: [Project 1-570] Preparing netlist for logic optimization
WARNING: [Opt 31-35] Removing redundant IBUF, video_clk0/inst/clkin1_ibufg, from the path connected to top-level port: i_SYS_clk 
Resolution: The tool has removed redundant IBUF. To resolve this warning, check for redundant IBUF in the input design.
WARNING: [Constraints 18-550] Could not create 'IBUF_LOW_PWR' constraint because net 'video_clk0/i_clk_50M' is not directly connected to top level port. 'IBUF_LOW_PWR' is ignored for synthesis but preserved for implementation.
Parsing XDC File [/media/tobiw/LocalData/Data/RASentinel/RASPMO/rtl/sources/ip/Video_clk/Video_clk_board.xdc] for cell 'video_clk0/inst'
Finished Parsing XDC File [/media/tobiw/LocalData/Data/RASentinel/RASPMO/rtl/sources/ip/Video_clk/Video_clk_board.xdc] for cell 'video_clk0/inst'
Parsing XDC File [/media/tobiw/LocalData/Data/RASentinel/RASPMO/rtl/sources/ip/Video_clk/Video_clk.xdc] for cell 'video_clk0/inst'
INFO: [Timing 38-35] Done setting XDC timing constraints. [/media/tobiw/LocalData/Data/RASentinel/RASPMO/rtl/sources/ip/Video_clk/Video_clk.xdc:54]
INFO: [Timing 38-2] Deriving generated clocks [/media/tobiw/LocalData/Data/RASentinel/RASPMO/rtl/sources/ip/Video_clk/Video_clk.xdc:54]
Finished Parsing XDC File [/media/tobiw/LocalData/Data/RASentinel/RASPMO/rtl/sources/ip/Video_clk/Video_clk.xdc] for cell 'video_clk0/inst'
Parsing XDC File [/media/tobiw/LocalData/Data/RASentinel/RASPMO/rtl/constrs/RASPMO.xdc]
INFO: [Vivado 12-4777] Setting CLOCK_DEDICATED_ROUTE constraint on the PARENT net instead of the specified net segment (net name: lvds_irx0/IBUFDS_adc_dclk/i). Placer only honors CLOCK_DEDICATED_ROUTE when set on the PARENT net, e.g. net segment directly connected to the driver. To eliminate this message, please update your constraint to specify the PARENT net instead. [/media/tobiw/LocalData/Data/RASentinel/RASPMO/rtl/constrs/RASPMO.xdc:96]
INFO: [Vivado 12-4777] Setting CLOCK_DEDICATED_ROUTE constraint on the PARENT net instead of the specified net segment (net name: lvds_irx0/IBUFDS_adc_dclk/ib). Placer only honors CLOCK_DEDICATED_ROUTE when set on the PARENT net, e.g. net segment directly connected to the driver. To eliminate this message, please update your constraint to specify the PARENT net instead. [/media/tobiw/LocalData/Data/RASentinel/RASPMO/rtl/constrs/RASPMO.xdc:96]
INFO: [Vivado 12-4777] Setting CLOCK_DEDICATED_ROUTE constraint on the PARENT net instead of the specified net segment (net name: lvds_irx1/IBUFDS_adc_dclk/i). Placer only honors CLOCK_DEDICATED_ROUTE when set on the PARENT net, e.g. net segment directly connected to the driver. To eliminate this message, please update your constraint to specify the PARENT net instead. [/media/tobiw/LocalData/Data/RASentinel/RASPMO/rtl/constrs/RASPMO.xdc:97]
INFO: [Vivado 12-4777] Setting CLOCK_DEDICATED_ROUTE constraint on the PARENT net instead of the specified net segment (net name: lvds_irx1/IBUFDS_adc_dclk/ib). Placer only honors CLOCK_DEDICATED_ROUTE when set on the PARENT net, e.g. net segment directly connected to the driver. To eliminate this message, please update your constraint to specify the PARENT net instead. [/media/tobiw/LocalData/Data/RASentinel/RASPMO/rtl/constrs/RASPMO.xdc:97]
WARNING: [Constraints 18-401] set_multicycle_path: 'lvds_irx0/ISERDESE2_FCLK_EVEN_inst/DDLY' is not a valid endpoint. [/media/tobiw/LocalData/Data/RASentinel/RASPMO/rtl/constrs/RASPMO.xdc:101]
Resolution: A valid end point is a data pin of a sequential cell or a primary output or inout port. Please validate that all the objects returned by your query belong to this list.
WARNING: [Constraints 18-401] set_multicycle_path: 'lvds_irx0/gen_data_block[0].ISERDESE2_EVEN_inst/DDLY' is not a valid endpoint. [/media/tobiw/LocalData/Data/RASentinel/RASPMO/rtl/constrs/RASPMO.xdc:101]
Resolution: A valid end point is a data pin of a sequential cell or a primary output or inout port. Please validate that all the objects returned by your query belong to this list.
WARNING: [Constraints 18-401] set_multicycle_path: 'lvds_irx0/gen_data_block[1].ISERDESE2_EVEN_inst/DDLY' is not a valid endpoint. [/media/tobiw/LocalData/Data/RASentinel/RASPMO/rtl/constrs/RASPMO.xdc:101]
Resolution: A valid end point is a data pin of a sequential cell or a primary output or inout port. Please validate that all the objects returned by your query belong to this list.
WARNING: [Constraints 18-401] set_multicycle_path: 'lvds_irx0/gen_data_block[2].ISERDESE2_EVEN_inst/DDLY' is not a valid endpoint. [/media/tobiw/LocalData/Data/RASentinel/RASPMO/rtl/constrs/RASPMO.xdc:101]
Resolution: A valid end point is a data pin of a sequential cell or a primary output or inout port. Please validate that all the objects returned by your query belong to this list.
WARNING: [Constraints 18-401] set_multicycle_path: 'lvds_irx0/gen_data_block[3].ISERDESE2_EVEN_inst/DDLY' is not a valid endpoint. [/media/tobiw/LocalData/Data/RASentinel/RASPMO/rtl/constrs/RASPMO.xdc:101]
Resolution: A valid end point is a data pin of a sequential cell or a primary output or inout port. Please validate that all the objects returned by your query belong to this list.
WARNING: [Constraints 18-401] set_multicycle_path: 'lvds_irx1/ISERDESE2_FCLK_EVEN_inst/DDLY' is not a valid endpoint. [/media/tobiw/LocalData/Data/RASentinel/RASPMO/rtl/constrs/RASPMO.xdc:101]
Resolution: A valid end point is a data pin of a sequential cell or a primary output or inout port. Please validate that all the objects returned by your query belong to this list.
WARNING: [Constraints 18-401] set_multicycle_path: 'lvds_irx1/gen_data_block[0].ISERDESE2_EVEN_inst/DDLY' is not a valid endpoint. [/media/tobiw/LocalData/Data/RASentinel/RASPMO/rtl/constrs/RASPMO.xdc:101]
Resolution: A valid end point is a data pin of a sequential cell or a primary output or inout port. Please validate that all the objects returned by your query belong to this list.
WARNING: [Constraints 18-401] set_multicycle_path: 'lvds_irx1/gen_data_block[1].ISERDESE2_EVEN_inst/DDLY' is not a valid endpoint. [/media/tobiw/LocalData/Data/RASentinel/RASPMO/rtl/constrs/RASPMO.xdc:101]
Resolution: A valid end point is a data pin of a sequential cell or a primary output or inout port. Please validate that all the objects returned by your query belong to this list.
WARNING: [Constraints 18-401] set_multicycle_path: 'lvds_irx1/gen_data_block[2].ISERDESE2_EVEN_inst/DDLY' is not a valid endpoint. [/media/tobiw/LocalData/Data/RASentinel/RASPMO/rtl/constrs/RASPMO.xdc:101]
Resolution: A valid end point is a data pin of a sequential cell or a primary output or inout port. Please validate that all the objects returned by your query belong to this list.
WARNING: [Constraints 18-401] set_multicycle_path: 'lvds_irx1/gen_data_block[3].ISERDESE2_EVEN_inst/DDLY' is not a valid endpoint. [/media/tobiw/LocalData/Data/RASentinel/RASPMO/rtl/constrs/RASPMO.xdc:101]
Resolution: A valid end point is a data pin of a sequential cell or a primary output or inout port. Please validate that all the objects returned by your query belong to this list.
WARNING: [Constraints 18-401] set_multicycle_path: 'lvds_irx0/ISERDESE2_FCLK_EVEN_inst/DDLY' is not a valid endpoint. [/media/tobiw/LocalData/Data/RASentinel/RASPMO/rtl/constrs/RASPMO.xdc:102]
Resolution: A valid end point is a data pin of a sequential cell or a primary output or inout port. Please validate that all the objects returned by your query belong to this list.
WARNING: [Constraints 18-401] set_multicycle_path: 'lvds_irx0/gen_data_block[0].ISERDESE2_EVEN_inst/DDLY' is not a valid endpoint. [/media/tobiw/LocalData/Data/RASentinel/RASPMO/rtl/constrs/RASPMO.xdc:102]
Resolution: A valid end point is a data pin of a sequential cell or a primary output or inout port. Please validate that all the objects returned by your query belong to this list.
WARNING: [Constraints 18-401] set_multicycle_path: 'lvds_irx0/gen_data_block[1].ISERDESE2_EVEN_inst/DDLY' is not a valid endpoint. [/media/tobiw/LocalData/Data/RASentinel/RASPMO/rtl/constrs/RASPMO.xdc:102]
Resolution: A valid end point is a data pin of a sequential cell or a primary output or inout port. Please validate that all the objects returned by your query belong to this list.
WARNING: [Constraints 18-401] set_multicycle_path: 'lvds_irx0/gen_data_block[2].ISERDESE2_EVEN_inst/DDLY' is not a valid endpoint. [/media/tobiw/LocalData/Data/RASentinel/RASPMO/rtl/constrs/RASPMO.xdc:102]
Resolution: A valid end point is a data pin of a sequential cell or a primary output or inout port. Please validate that all the objects returned by your query belong to this list.
WARNING: [Constraints 18-401] set_multicycle_path: 'lvds_irx0/gen_data_block[3].ISERDESE2_EVEN_inst/DDLY' is not a valid endpoint. [/media/tobiw/LocalData/Data/RASentinel/RASPMO/rtl/constrs/RASPMO.xdc:102]
Resolution: A valid end point is a data pin of a sequential cell or a primary output or inout port. Please validate that all the objects returned by your query belong to this list.
WARNING: [Constraints 18-401] set_multicycle_path: 'lvds_irx1/ISERDESE2_FCLK_EVEN_inst/DDLY' is not a valid endpoint. [/media/tobiw/LocalData/Data/RASentinel/RASPMO/rtl/constrs/RASPMO.xdc:102]
Resolution: A valid end point is a data pin of a sequential cell or a primary output or inout port. Please validate that all the objects returned by your query belong to this list.
WARNING: [Constraints 18-401] set_multicycle_path: 'lvds_irx1/gen_data_block[0].ISERDESE2_EVEN_inst/DDLY' is not a valid endpoint. [/media/tobiw/LocalData/Data/RASentinel/RASPMO/rtl/constrs/RASPMO.xdc:102]
Resolution: A valid end point is a data pin of a sequential cell or a primary output or inout port. Please validate that all the objects returned by your query belong to this list.
WARNING: [Constraints 18-401] set_multicycle_path: 'lvds_irx1/gen_data_block[1].ISERDESE2_EVEN_inst/DDLY' is not a valid endpoint. [/media/tobiw/LocalData/Data/RASentinel/RASPMO/rtl/constrs/RASPMO.xdc:102]
Resolution: A valid end point is a data pin of a sequential cell or a primary output or inout port. Please validate that all the objects returned by your query belong to this list.
WARNING: [Constraints 18-401] set_multicycle_path: 'lvds_irx1/gen_data_block[2].ISERDESE2_EVEN_inst/DDLY' is not a valid endpoint. [/media/tobiw/LocalData/Data/RASentinel/RASPMO/rtl/constrs/RASPMO.xdc:102]
Resolution: A valid end point is a data pin of a sequential cell or a primary output or inout port. Please validate that all the objects returned by your query belong to this list.
WARNING: [Constraints 18-401] set_multicycle_path: 'lvds_irx1/gen_data_block[3].ISERDESE2_EVEN_inst/DDLY' is not a valid endpoint. [/media/tobiw/LocalData/Data/RASentinel/RASPMO/rtl/constrs/RASPMO.xdc:102]
Resolution: A valid end point is a data pin of a sequential cell or a primary output or inout port. Please validate that all the objects returned by your query belong to this list.
INFO: [Timing 38-2] Deriving generated clocks [/media/tobiw/LocalData/Data/RASentinel/RASPMO/rtl/constrs/RASPMO.xdc:158]
CRITICAL WARNING: [Constraints 18-376] set_output_delay: more than one reference clocks specified. [/media/tobiw/LocalData/Data/RASentinel/RASPMO/rtl/constrs/RASPMO.xdc:185]
CRITICAL WARNING: [Constraints 18-376] set_output_delay: more than one reference clocks specified. [/media/tobiw/LocalData/Data/RASentinel/RASPMO/rtl/constrs/RASPMO.xdc:186]
WARNING: [Constraints 18-401] set_false_path: 'IDELAYCTRL0/RST' is not a valid endpoint. [/media/tobiw/LocalData/Data/RASentinel/RASPMO/rtl/constrs/RASPMO.xdc:196]
Resolution: A valid end point is a data pin of a sequential cell or a primary output or inout port. Please validate that all the objects returned by your query belong to this list.
WARNING: [Constraints 18-401] set_false_path: 'hdmi_clk0/mmcm_hdmi/RST' is not a valid endpoint. [/media/tobiw/LocalData/Data/RASentinel/RASPMO/rtl/constrs/RASPMO.xdc:196]
Resolution: A valid end point is a data pin of a sequential cell or a primary output or inout port. Please validate that all the objects returned by your query belong to this list.
WARNING: [Constraints 18-401] set_false_path: 'video_clk0/inst/mmcm_adv_inst/RST' is not a valid endpoint. [/media/tobiw/LocalData/Data/RASentinel/RASPMO/rtl/constrs/RASPMO.xdc:196]
Resolution: A valid end point is a data pin of a sequential cell or a primary output or inout port. Please validate that all the objects returned by your query belong to this list.
WARNING: [Constraints 18-402] set_false_path: 'heal_rst_reg_i_1' is not a valid startpoint. [/media/tobiw/LocalData/Data/RASentinel/RASPMO/rtl/constrs/RASPMO.xdc:200]
Resolution: A valid start point is a main or generated clock pin or port, a clock pin of a sequential cell, or a primary input or inout port. Please validate that all the objects returned by your query belong to this list.
Finished Parsing XDC File [/media/tobiw/LocalData/Data/RASentinel/RASPMO/rtl/constrs/RASPMO.xdc]
Parsing XDC File [/media/tobiw/LocalData/Data/RASentinel/RASPMO/rtl/sources/ip/Video_clk/Video_clk_late.xdc] for cell 'video_clk0/inst'
Finished Parsing XDC File [/media/tobiw/LocalData/Data/RASentinel/RASPMO/rtl/sources/ip/Video_clk/Video_clk_late.xdc] for cell 'video_clk0/inst'
INFO: [Opt 31-138] Pushed 0 inverter(s) to 0 load pin(s).
Netlist sorting complete. Time (s): cpu = 00:00:00 ; elapsed = 00:00:00 . Memory (MB): peak = 2633.195 ; gain = 0.000 ; free physical = 65623 ; free virtual = 86774
INFO: [Project 1-111] Unisim Transformation Summary:
  A total of 528 instances were transformed.
  IBUFDS_DIFF_OUT => IBUFDS_DIFF_OUT (IBUFDS(x2)): 12 instances
  RAM16X1S => RAM32X1S (RAMS32): 432 instances
  RAM32M => RAM32M (RAMD32(x6), RAMS32(x2)): 84 instances

16 Infos, 26 Warnings, 2 Critical Warnings and 0 Errors encountered.
link_design completed successfully
link_design: Time (s): cpu = 00:00:10 ; elapsed = 00:00:09 . Memory (MB): peak = 2633.230 ; gain = 1004.945 ; free physical = 65623 ; free virtual = 86774
Command: opt_design
Attempting to get a license for feature 'Implementation' and/or device 'xc7a100t'
INFO: [Common 17-349] Got license for feature 'Implementation' and/or device 'xc7a100t'
Running DRC as a precondition to command opt_design

Starting DRC Task
INFO: [DRC 23-27] Running DRC with 8 threads
INFO: [Project 1-461] DRC finished with 0 Errors
INFO: [Project 1-462] Please refer to the DRC report (report_drc) for more information.

Time (s): cpu = 00:00:00.58 ; elapsed = 00:00:00.19 . Memory (MB): peak = 2633.230 ; gain = 0.000 ; free physical = 65602 ; free virtual = 86755

Starting Cache Timing Information Task
INFO: [Timing 38-35] Done setting XDC timing constraints.
Ending Cache Timing Information Task | Checksum: 22bcff384

Time (s): cpu = 00:00:01 ; elapsed = 00:00:00.5 . Memory (MB): peak = 2672.008 ; gain = 38.777 ; free physical = 65577 ; free virtual = 86730

Starting Logic Optimization Task

Phase 1 Initialization

Phase 1.1 Core Generation And Design Setup
Phase 1.1 Core Generation And Design Setup | Checksum: 22bcff384

Time (s): cpu = 00:00:00.02 ; elapsed = 00:00:00.02 . Memory (MB): peak = 3041.758 ; gain = 0.000 ; free physical = 65209 ; free virtual = 86367

Phase 1.2 Setup Constraints And Sort Netlist
Phase 1.2 Setup Constraints And Sort Netlist | Checksum: 22bcff384

Time (s): cpu = 00:00:00.03 ; elapsed = 00:00:00.03 . Memory (MB): peak = 3041.758 ; gain = 0.000 ; free physical = 65209 ; free virtual = 86367
Phase 1 Initialization | Checksum: 22bcff384

Time (s): cpu = 00:00:00.03 ; elapsed = 00:00:00.03 . Memory (MB): peak = 3041.758 ; gain = 0.000 ; free physical = 65209 ; free virtual = 86367

Phase 2 Timer Update And Timing Data Collection

Phase 2.1 Detect if minReqCache needed
Phase 2.1 Detect if minReqCache needed | Checksum: 22bcff384

Time (s): cpu = 00:00:00.04 ; elapsed = 00:00:00.04 . Memory (MB): peak = 3044.727 ; gain = 2.969 ; free physical = 65193 ; free virtual = 86351

Phase 2.2 Timer Update
Phase 2.2 Timer Update | Checksum: 22bcff384

Time (s): cpu = 00:00:01 ; elapsed = 00:00:00.34 . Memory (MB): peak = 3044.727 ; gain = 2.969 ; free physical = 65195 ; free virtual = 86354

Phase 2.3 Timing Data Collection
Phase 2.3 Timing Data Collection | Checksum: 22bcff384

Time (s): cpu = 00:00:01 ; elapsed = 00:00:00.35 . Memory (MB): peak = 3044.727 ; gain = 2.969 ; free physical = 65195 ; free virtual = 86353
Phase 2 Timer Update And Timing Data Collection | Checksum: 22bcff384

Time (s): cpu = 00:00:01 ; elapsed = 00:00:00.35 . Memory (MB): peak = 3044.727 ; gain = 2.969 ; free physical = 65195 ; free virtual = 86353

Phase 3 Retarget
INFO: [Opt 31-1851] Number of loadless carry chains removed were: 0
INFO: [Opt 31-1834] Total Chains To Be Transformed Were: 0 AND Number of Transformed insts Created are: 0
INFO: [Opt 31-1566] Pulled 7 inverters resulting in an inversion of 43 pins
INFO: [Opt 31-138] Pushed 0 inverter(s) to 0 load pin(s).
INFO: [Opt 31-49] Retargeted 0 cell(s).
Phase 3 Retarget | Checksum: 21a550b27

Time (s): cpu = 00:00:01 ; elapsed = 00:00:00.59 . Memory (MB): peak = 3044.727 ; gain = 2.969 ; free physical = 65194 ; free virtual = 86353
Retarget | Checksum: 21a550b27
INFO: [Opt 31-389] Phase Retarget created 0 cells and removed 8 cells
INFO: [Opt 31-1021] In phase Retarget, 55 netlist objects are constrained preventing optimization. Please run opt_design with -debug_log to get more detail. 

Phase 4 Constant propagation
INFO: [Opt 31-138] Pushed 0 inverter(s) to 0 load pin(s).
Phase 4 Constant propagation | Checksum: 1b4bd21bc

Time (s): cpu = 00:00:01 ; elapsed = 00:00:00.75 . Memory (MB): peak = 3044.727 ; gain = 2.969 ; free physical = 65194 ; free virtual = 86353
Constant propagation | Checksum: 1b4bd21bc
INFO: [Opt 31-389] Phase Constant propagation created 0 cells and removed 8 cells
INFO: [Opt 31-1021] In phase Constant propagation, 54 netlist objects are constrained preventing optimization. Please run opt_design with -debug_log to get more detail. 

Phase 5 Sweep
INFO: [Constraints 18-11670] Building netlist checker database with flags, 0x8
Done building netlist checker database: Time (s): cpu = 00:00:00.01 ; elapsed = 00:00:00 . Memory (MB): peak = 3044.727 ; gain = 0.000 ; free physical = 65194 ; free virtual = 86353
INFO: [Constraints 18-11670] Building netlist checker database with flags, 0x8
Done building netlist checker database: Time (s): cpu = 00:00:00.01 ; elapsed = 00:00:00.01 . Memory (MB): peak = 3044.727 ; gain = 0.000 ; free physical = 65193 ; free virtual = 86352
Phase 5 Sweep | Checksum: 23f30e69b

Time (s): cpu = 00:00:02 ; elapsed = 00:00:01 . Memory (MB): peak = 3044.727 ; gain = 2.969 ; free physical = 65193 ; free virtual = 86352
Sweep | Checksum: 23f30e69b
INFO: [Opt 31-389] Phase Sweep created 0 cells and removed 324 cells
INFO: [Opt 31-1021] In phase Sweep, 343 netlist objects are constrained preventing optimization. Please run opt_design with -debug_log to get more detail. 

Phase 6 BUFG optimization
Phase 6 BUFG optimization | Checksum: 1cf6edac0

Time (s): cpu = 00:00:02 ; elapsed = 00:00:01 . Memory (MB): peak = 3076.742 ; gain = 34.984 ; free physical = 65193 ; free virtual = 86352
BUFG optimization | Checksum: 1cf6edac0
INFO: [Opt 31-662] Phase BUFG optimization created 0 cells of which 0 are BUFGs and removed 0 cells.

Phase 7 Shift Register Optimization
INFO: [Opt 31-1064] SRL Remap converted 0 SRLs to 0 registers and converted 0 registers of register chains to 0 SRLs
Phase 7 Shift Register Optimization | Checksum: 1cf6edac0

Time (s): cpu = 00:00:02 ; elapsed = 00:00:01 . Memory (MB): peak = 3076.742 ; gain = 34.984 ; free physical = 65193 ; free virtual = 86352
Shift Register Optimization | Checksum: 1cf6edac0
INFO: [Opt 31-389] Phase Shift Register Optimization created 0 cells and removed 0 cells

Phase 8 Post Processing Netlist
Phase 8 Post Processing Netlist | Checksum: 23f30e69b

Time (s): cpu = 00:00:02 ; elapsed = 00:00:01 . Memory (MB): peak = 3076.742 ; gain = 34.984 ; free physical = 65193 ; free virtual = 86351
Post Processing Netlist | Checksum: 23f30e69b
INFO: [Opt 31-389] Phase Post Processing Netlist created 0 cells and removed 0 cells
INFO: [Opt 31-1021] In phase Post Processing Netlist, 65 netlist objects are constrained preventing optimization. Please run opt_design with -debug_log to get more detail. 

Phase 9 Finalization

Phase 9.1 Finalizing Design Cores and Updating Shapes
Phase 9.1 Finalizing Design Cores and Updating Shapes | Checksum: 222916165

Time (s): cpu = 00:00:03 ; elapsed = 00:00:02 . Memory (MB): peak = 3076.742 ; gain = 34.984 ; free physical = 65193 ; free virtual = 86352

Phase 9.2 Verifying Netlist Connectivity

Starting Connectivity Check Task

Time (s): cpu = 00:00:00.03 ; elapsed = 00:00:00.03 . Memory (MB): peak = 3076.742 ; gain = 0.000 ; free physical = 65193 ; free virtual = 86352
Phase 9.2 Verifying Netlist Connectivity | Checksum: 222916165

Time (s): cpu = 00:00:03 ; elapsed = 00:00:02 . Memory (MB): peak = 3076.742 ; gain = 34.984 ; free physical = 65193 ; free virtual = 86352
Phase 9 Finalization | Checksum: 222916165

Time (s): cpu = 00:00:03 ; elapsed = 00:00:02 . Memory (MB): peak = 3076.742 ; gain = 34.984 ; free physical = 65193 ; free virtual = 86352
Opt_design Change Summary
=========================


-------------------------------------------------------------------------------------------------------------------------
|  Phase                        |  #Cells created  |  #Cells Removed  |  #Constrained objects preventing optimizations  |
-------------------------------------------------------------------------------------------------------------------------
|  Retarget                     |               0  |               8  |                                             55  |
|  Constant propagation         |               0  |               8  |                                             54  |
|  Sweep                        |               0  |             324  |                                            343  |
|  BUFG optimization            |               0  |               0  |                                              0  |
|  Shift Register Optimization  |               0  |               0  |                                              0  |
|  Post Processing Netlist      |               0  |               0  |                                             65  |
-------------------------------------------------------------------------------------------------------------------------


Ending Logic Optimization Task | Checksum: 222916165

Time (s): cpu = 00:00:03 ; elapsed = 00:00:02 . Memory (MB): peak = 3076.742 ; gain = 34.984 ; free physical = 65193 ; free virtual = 86352

Starting Power Optimization Task
INFO: [Pwropt 34-132] Skipping clock gating for clocks with a period < 2.00 ns.
INFO: [Timing 38-35] Done setting XDC timing constraints.
Running Vector-less Activity Propagation...

Finished Running Vector-less Activity Propagation
INFO: [Pwropt 34-9] Applying IDT optimizations ...
INFO: [Pwropt 34-10] Applying ODC optimizations ...


Starting PowerOpt Patch Enables Task
INFO: [Pwropt 34-162] WRITE_MODE attribute of 0 BRAM(s) out of a total of 161 has been updated to save power. Run report_power_opt to get a complete listing of the BRAMs updated.
INFO: [Pwropt 34-201] Structural ODC has moved 16 WE to EN ports
Number of BRAM Ports augmented: 40 newly gated: 49 Total Ports: 322
Ending PowerOpt Patch Enables Task | Checksum: 2b944e2b7

Time (s): cpu = 00:00:00.29 ; elapsed = 00:00:00.27 . Memory (MB): peak = 3372.793 ; gain = 0.000 ; free physical = 65297 ; free virtual = 86438
Ending Power Optimization Task | Checksum: 2b944e2b7

Time (s): cpu = 00:00:09 ; elapsed = 00:00:06 . Memory (MB): peak = 3372.793 ; gain = 296.051 ; free physical = 65297 ; free virtual = 86438

Starting Final Cleanup Task

Starting Logic Optimization Task
INFO: [Timing 38-35] Done setting XDC timing constraints.
Ending Logic Optimization Task | Checksum: 15d2cde5f

Time (s): cpu = 00:00:02 ; elapsed = 00:00:00.98 . Memory (MB): peak = 3372.793 ; gain = 0.000 ; free physical = 65271 ; free virtual = 86124
Ending Final Cleanup Task | Checksum: 15d2cde5f

Time (s): cpu = 00:00:04 ; elapsed = 00:00:02 . Memory (MB): peak = 3372.793 ; gain = 0.000 ; free physical = 65270 ; free virtual = 86124
Netlist sorting complete. Time (s): cpu = 00:00:00 ; elapsed = 00:00:00.01 . Memory (MB): peak = 3372.793 ; gain = 0.000 ; free physical = 65270 ; free virtual = 86124
INFO: [Common 17-83] Releasing license: Implementation
48 Infos, 26 Warnings, 2 Critical Warnings and 0 Errors encountered.
opt_design completed successfully
opt_design: Time (s): cpu = 00:00:19 ; elapsed = 00:00:12 . Memory (MB): peak = 3372.793 ; gain = 739.562 ; free physical = 65270 ; free virtual = 86124
INFO: [Vivado 12-24828] Executing command : report_drc -file top_drc_opted.rpt -pb top_drc_opted.pb -rpx top_drc_opted.rpx
Command: report_drc -file top_drc_opted.rpt -pb top_drc_opted.pb -rpx top_drc_opted.rpx
INFO: [IP_Flow 19-1839] IP Catalog is up to date.
INFO: [DRC 23-27] Running DRC with 8 threads
INFO: [Vivado_Tcl 2-168] The results of DRC are in file /media/tobiw/LocalData/Data/RASentinel/RASPMO/vivado/RASPMO.runs/impl_1/top_drc_opted.rpt.
report_drc completed successfully
INFO: [Timing 38-480] Writing timing data to binary archive.
Wrote PlaceDB: Time (s): cpu = 00:00:00 ; elapsed = 00:00:00 . Memory (MB): peak = 3372.793 ; gain = 0.000 ; free physical = 65297 ; free virtual = 86155
Wrote PulsedLatchDB: Time (s): cpu = 00:00:00 ; elapsed = 00:00:00 . Memory (MB): peak = 3372.793 ; gain = 0.000 ; free physical = 65297 ; free virtual = 86155
Writing XDEF routing.
Writing XDEF routing logical nets.
Writing XDEF routing special nets.
Wrote RouteStorage: Time (s): cpu = 00:00:00.16 ; elapsed = 00:00:00.03 . Memory (MB): peak = 3372.793 ; gain = 0.000 ; free physical = 65296 ; free virtual = 86160
Wrote PlaceStorage: Time (s): cpu = 00:00:00.01 ; elapsed = 00:00:00 . Memory (MB): peak = 3372.793 ; gain = 0.000 ; free physical = 65296 ; free virtual = 86160
Wrote Netlist Cache: Time (s): cpu = 00:00:00 ; elapsed = 00:00:00 . Memory (MB): peak = 3372.793 ; gain = 0.000 ; free physical = 65296 ; free virtual = 86160
Wrote Device Cache: Time (s): cpu = 00:00:00.02 ; elapsed = 00:00:00 . Memory (MB): peak = 3372.793 ; gain = 0.000 ; free physical = 65294 ; free virtual = 86161
Write Physdb Complete: Time (s): cpu = 00:00:00.19 ; elapsed = 00:00:00.04 . Memory (MB): peak = 3372.793 ; gain = 0.000 ; free physical = 65294 ; free virtual = 86161
Write ShapeDB Complete: Time (s): cpu = 00:00:00.26 ; elapsed = 00:00:00.06 . Memory (MB): peak = 3372.793 ; gain = 0.000 ; free physical = 65293 ; free virtual = 86165
INFO: [Common 17-1381] The checkpoint '/media/tobiw/LocalData/Data/RASentinel/RASPMO/vivado/RASPMO.runs/impl_1/top_opt.dcp' has been generated.
Command: place_design
Attempting to get a license for feature 'Implementation' and/or device 'xc7a100t'
INFO: [Common 17-349] Got license for feature 'Implementation' and/or device 'xc7a100t'
INFO: [Common 17-83] Releasing license: Implementation
INFO: [DRC 23-27] Running DRC with 8 threads
INFO: [Vivado_Tcl 4-198] DRC finished with 0 Errors
INFO: [Vivado_Tcl 4-199] Please refer to the DRC report (report_drc) for more information.
INFO: [Timing 38-35] Done setting XDC timing constraints.
Running DRC as a precondition to command place_design
INFO: [DRC 23-27] Running DRC with 8 threads
INFO: [Vivado_Tcl 4-198] DRC finished with 0 Errors, 24 Warnings
INFO: [Vivado_Tcl 4-199] Please refer to the DRC report (report_drc) for more information.
INFO: [Place 30-611] Multithreading enabled for place_design using a maximum of 8 CPUs

Starting Placer Task

Phase 1 Placer Initialization

Phase 1.1 Placer Initialization Netlist Sorting
Netlist sorting complete. Time (s): cpu = 00:00:00 ; elapsed = 00:00:00.01 . Memory (MB): peak = 3372.793 ; gain = 0.000 ; free physical = 65262 ; free virtual = 86149
Phase 1.1 Placer Initialization Netlist Sorting | Checksum: 11eea90f5

Time (s): cpu = 00:00:00.01 ; elapsed = 00:00:00.02 . Memory (MB): peak = 3372.793 ; gain = 0.000 ; free physical = 65262 ; free virtual = 86149
Netlist sorting complete. Time (s): cpu = 00:00:00 ; elapsed = 00:00:00 . Memory (MB): peak = 3372.793 ; gain = 0.000 ; free physical = 65262 ; free virtual = 86149

Phase 1.2 IO Placement/ Clock Placement/ Build Placer Device
WARNING: [Place 30-568] A LUT 'lvds_irx0/fclk_shifted_inst' is driving clock pin of 10 registers. This could lead to large hold time violations. First few involved registers are:
	lvds_irx0/ISERDESE2_FCLK_EVEN_inst {ISERDESE2}
	lvds_irx0/ISERDESE2_FCLK_ODD_inst {ISERDESE2}
	lvds_irx0/gen_data_block[0].ISERDESE2_EVEN_inst {ISERDESE2}
	lvds_irx0/gen_data_block[0].ISERDESE2_ODD_inst {ISERDESE2}
	lvds_irx0/gen_data_block[1].ISERDESE2_EVEN_inst {ISERDESE2}
WARNING: [Place 30-568] A LUT 'lvds_irx1/fclk_shifted_inst' is driving clock pin of 10 registers. This could lead to large hold time violations. First few involved registers are:
	lvds_irx1/ISERDESE2_FCLK_EVEN_inst {ISERDESE2}
	lvds_irx1/ISERDESE2_FCLK_ODD_inst {ISERDESE2}
	lvds_irx1/gen_data_block[0].ISERDESE2_EVEN_inst {ISERDESE2}
	lvds_irx1/gen_data_block[0].ISERDESE2_ODD_inst {ISERDESE2}
	lvds_irx1/gen_data_block[1].ISERDESE2_EVEN_inst {ISERDESE2}
WARNING: [Place 30-574] Poor placement for routing between an IO pin and BUFG. This is normally an ERROR but the CLOCK_DEDICATED_ROUTE constraint is set to FALSE allowing your design to continue. The use of this override is highly discouraged as it may lead to very poor timing results. It is recommended that this error condition be corrected in the design.

	lvds_irx0/IBUFDS_adc_dclk/IBUFDS (IBUFDS.O) is locked to IOB_X1Y110
	BUFG_lvds_dclk_1 (BUFG.I) is provisionally placed by clockplacer on BUFGCTRL_X0Y0
Resolution: Poor placement of an IO pin and a BUFG has resulted in the router using a non-dedicated path between the two.  There are several things that could trigger this DRC, each of which can cause unpredictable clock insertion delays that result in poor timing.  This DRC could be caused by any of the following: (a) a clock port was placed on a pin that is not a CCIO-pin (b)the BUFG has not been placed in the same half of the device or SLR as the CCIO-pin (c) a single ended clock has been placed on the N-Side of a differential pair CCIO-pin.
WARNING: [Place 30-574] Poor placement for routing between an IO pin and BUFG. This is normally an ERROR but the CLOCK_DEDICATED_ROUTE constraint is set to FALSE allowing your design to continue. The use of this override is highly discouraged as it may lead to very poor timing results. It is recommended that this error condition be corrected in the design.

	lvds_irx1/IBUFDS_adc_dclk/IBUFDS (IBUFDS.O) is locked to IOB_X1Y140
	BUFG_lvds_dclk_2 (BUFG.I) is provisionally placed by clockplacer on BUFGCTRL_X0Y3
Resolution: Poor placement of an IO pin and a BUFG has resulted in the router using a non-dedicated path between the two.  There are several things that could trigger this DRC, each of which can cause unpredictable clock insertion delays that result in poor timing.  This DRC could be caused by any of the following: (a) a clock port was placed on a pin that is not a CCIO-pin (b)the BUFG has not been placed in the same half of the device or SLR as the CCIO-pin (c) a single ended clock has been placed on the N-Side of a differential pair CCIO-pin.
Phase 1.2 IO Placement/ Clock Placement/ Build Placer Device | Checksum: 23fbdc30e

Time (s): cpu = 00:00:03 ; elapsed = 00:00:02 . Memory (MB): peak = 3372.793 ; gain = 0.000 ; free physical = 65215 ; free virtual = 86120

Phase 1.3 Build Placer Netlist Model
Phase 1.3 Build Placer Netlist Model | Checksum: 2c8b2b832

Time (s): cpu = 00:00:10 ; elapsed = 00:00:06 . Memory (MB): peak = 3372.793 ; gain = 0.000 ; free physical = 65194 ; free virtual = 86111

Phase 1.4 Constrain Clocks/Macros
Phase 1.4 Constrain Clocks/Macros | Checksum: 2c8b2b832

Time (s): cpu = 00:00:10 ; elapsed = 00:00:06 . Memory (MB): peak = 3372.793 ; gain = 0.000 ; free physical = 65194 ; free virtual = 86111
Phase 1 Placer Initialization | Checksum: 2c8b2b832

Time (s): cpu = 00:00:10 ; elapsed = 00:00:06 . Memory (MB): peak = 3372.793 ; gain = 0.000 ; free physical = 65194 ; free virtual = 86111

Phase 2 Global Placement

Phase 2.1 Floorplanning
Phase 2.1 Floorplanning | Checksum: 313139b55

Time (s): cpu = 00:00:13 ; elapsed = 00:00:07 . Memory (MB): peak = 3372.793 ; gain = 0.000 ; free physical = 65217 ; free virtual = 86134

Phase 2.2 Update Timing before SLR Path Opt
Phase 2.2 Update Timing before SLR Path Opt | Checksum: 249fbdc19

Time (s): cpu = 00:00:16 ; elapsed = 00:00:07 . Memory (MB): peak = 3372.793 ; gain = 0.000 ; free physical = 65200 ; free virtual = 86116

Phase 2.3 Post-Processing in Floorplanning
Phase 2.3 Post-Processing in Floorplanning | Checksum: 249fbdc19

Time (s): cpu = 00:00:16 ; elapsed = 00:00:07 . Memory (MB): peak = 3372.793 ; gain = 0.000 ; free physical = 65198 ; free virtual = 86115

Phase 2.4 Global Place Phase1
Phase 2.4 Global Place Phase1 | Checksum: 2be947712

Time (s): cpu = 00:00:37 ; elapsed = 00:00:16 . Memory (MB): peak = 3372.793 ; gain = 0.000 ; free physical = 65105 ; free virtual = 86028

Phase 2.5 Global Place Phase2

Phase 2.5.1 UpdateTiming Before Physical Synthesis
Phase 2.5.1 UpdateTiming Before Physical Synthesis | Checksum: 2aef17988

Time (s): cpu = 00:00:41 ; elapsed = 00:00:17 . Memory (MB): peak = 3372.793 ; gain = 0.000 ; free physical = 65104 ; free virtual = 86027

Phase 2.5.2 Physical Synthesis In Placer
INFO: [Physopt 32-1035] Found 3 LUTNM shape to break, 1835 LUT instances to create LUTNM shape
INFO: [Physopt 32-1044] Break lutnm for timing: one critical 3, two critical 0, total 3, new lutff created 0
INFO: [Physopt 32-1138] End 1 Pass. Optimized 504 nets or LUTs. Breaked 3 LUTs, combined 501 existing LUTs and moved 0 existing LUT
INFO: [Physopt 32-65] No nets found for high-fanout optimization.
INFO: [Physopt 32-232] Optimized 0 net. Created 0 new instance.
INFO: [Physopt 32-775] End 1 Pass. Optimized 0 net or cell. Created 0 new cell, deleted 0 existing cell and moved 0 existing cell
INFO: [Physopt 32-456] No candidate cells for DSP register optimization found in the design.
INFO: [Physopt 32-775] End 2 Pass. Optimized 0 net or cell. Created 0 new cell, deleted 0 existing cell and moved 0 existing cell
INFO: [Physopt 32-1123] No candidate cells found for Shift Register to Pipeline optimization
INFO: [Physopt 32-775] End 2 Pass. Optimized 0 net or cell. Created 0 new cell, deleted 0 existing cell and moved 0 existing cell
INFO: [Physopt 32-1401] No candidate cells found for Shift Register optimization.
INFO: [Physopt 32-677] No candidate cells for Shift Register optimization found in the design
INFO: [Physopt 32-775] End 1 Pass. Optimized 0 net or cell. Created 0 new cell, deleted 0 existing cell and moved 0 existing cell
INFO: [Physopt 32-526] No candidate cells for BRAM register optimization found in the design
INFO: [Physopt 32-775] End 1 Pass. Optimized 0 net or cell. Created 0 new cell, deleted 0 existing cell and moved 0 existing cell
INFO: [Physopt 32-846] No candidate cells for URAM register optimization found in the design
INFO: [Physopt 32-775] End 1 Pass. Optimized 0 net or cell. Created 0 new cell, deleted 0 existing cell and moved 0 existing cell
INFO: [Physopt 32-846] No candidate cells for URAM register optimization found in the design
INFO: [Physopt 32-775] End 1 Pass. Optimized 0 net or cell. Created 0 new cell, deleted 0 existing cell and moved 0 existing cell
INFO: [Physopt 32-949] No candidate nets found for dynamic/static region interface net replication
INFO: [Physopt 32-775] End 1 Pass. Optimized 0 net or cell. Created 0 new cell, deleted 0 existing cell and moved 0 existing cell
Netlist sorting complete. Time (s): cpu = 00:00:00 ; elapsed = 00:00:00.01 . Memory (MB): peak = 3372.793 ; gain = 0.000 ; free physical = 65099 ; free virtual = 86031

Summary of Physical Synthesis Optimizations
============================================


-----------------------------------------------------------------------------------------------------------------------------------------------------------
|  Optimization                                     |  Added Cells  |  Removed Cells  |  Optimized Cells/Nets  |  Dont Touch  |  Iterations  |  Elapsed   |
-----------------------------------------------------------------------------------------------------------------------------------------------------------
|  LUT Combining                                    |            3  |            501  |                   504  |           0  |           1  |  00:00:00  |
|  Retime                                           |            0  |              0  |                     0  |           0  |           1  |  00:00:00  |
|  Very High Fanout                                 |            0  |              0  |                     0  |           0  |           1  |  00:00:00  |
|  DSP Register                                     |            0  |              0  |                     0  |           0  |           1  |  00:00:00  |
|  Shift Register to Pipeline                       |            0  |              0  |                     0  |           0  |           1  |  00:00:00  |
|  Shift Register                                   |            0  |              0  |                     0  |           0  |           1  |  00:00:00  |
|  BRAM Register                                    |            0  |              0  |                     0  |           0  |           1  |  00:00:00  |
|  URAM Register                                    |            0  |              0  |                     0  |           0  |           1  |  00:00:00  |
|  Dynamic/Static Region Interface Net Replication  |            0  |              0  |                     0  |           0  |           1  |  00:00:00  |
|  Total                                            |            3  |            501  |                   504  |           0  |           9  |  00:00:00  |
-----------------------------------------------------------------------------------------------------------------------------------------------------------


Phase 2.5.2 Physical Synthesis In Placer | Checksum: 2cf174c62

Time (s): cpu = 00:00:44 ; elapsed = 00:00:19 . Memory (MB): peak = 3372.793 ; gain = 0.000 ; free physical = 65108 ; free virtual = 86041
Phase 2.5 Global Place Phase2 | Checksum: 284206a43

Time (s): cpu = 00:00:45 ; elapsed = 00:00:19 . Memory (MB): peak = 3372.793 ; gain = 0.000 ; free physical = 65114 ; free virtual = 86054
Phase 2 Global Placement | Checksum: 284206a43

Time (s): cpu = 00:00:45 ; elapsed = 00:00:19 . Memory (MB): peak = 3372.793 ; gain = 0.000 ; free physical = 65114 ; free virtual = 86054

Phase 3 Detail Placement

Phase 3.1 Commit Multi Column Macros
Phase 3.1 Commit Multi Column Macros | Checksum: 3281119b1

Time (s): cpu = 00:00:48 ; elapsed = 00:00:20 . Memory (MB): peak = 3372.793 ; gain = 0.000 ; free physical = 65107 ; free virtual = 86053

Phase 3.2 Commit Most Macros & LUTRAMs
Phase 3.2 Commit Most Macros & LUTRAMs | Checksum: 2de5d9f43

Time (s): cpu = 00:00:54 ; elapsed = 00:00:22 . Memory (MB): peak = 3372.793 ; gain = 0.000 ; free physical = 65017 ; free virtual = 85986

Phase 3.3 Area Swap Optimization
Phase 3.3 Area Swap Optimization | Checksum: 314b364d1

Time (s): cpu = 00:00:54 ; elapsed = 00:00:22 . Memory (MB): peak = 3372.793 ; gain = 0.000 ; free physical = 65018 ; free virtual = 85986

Phase 3.4 Pipeline Register Optimization
Phase 3.4 Pipeline Register Optimization | Checksum: 2701f84ad

Time (s): cpu = 00:00:54 ; elapsed = 00:00:22 . Memory (MB): peak = 3372.793 ; gain = 0.000 ; free physical = 65017 ; free virtual = 85986

Phase 3.5 Fast Optimization
Phase 3.5 Fast Optimization | Checksum: 2b83f5161

Time (s): cpu = 00:01:01 ; elapsed = 00:00:24 . Memory (MB): peak = 3372.793 ; gain = 0.000 ; free physical = 65010 ; free virtual = 85978

Phase 3.6 Small Shape Detail Placement
Phase 3.6 Small Shape Detail Placement | Checksum: 262b953ec

Time (s): cpu = 00:01:04 ; elapsed = 00:00:27 . Memory (MB): peak = 3372.793 ; gain = 0.000 ; free physical = 65021 ; free virtual = 85998

Phase 3.7 Re-assign LUT pins
Phase 3.7 Re-assign LUT pins | Checksum: 21903bf81

Time (s): cpu = 00:01:05 ; elapsed = 00:00:28 . Memory (MB): peak = 3372.793 ; gain = 0.000 ; free physical = 65029 ; free virtual = 86005

Phase 3.8 Pipeline Register Optimization
Phase 3.8 Pipeline Register Optimization | Checksum: 2e796d4f6

Time (s): cpu = 00:01:05 ; elapsed = 00:00:28 . Memory (MB): peak = 3372.793 ; gain = 0.000 ; free physical = 65029 ; free virtual = 86005

Phase 3.9 Fast Optimization
Phase 3.9 Fast Optimization | Checksum: 263566a08

Time (s): cpu = 00:01:14 ; elapsed = 00:00:30 . Memory (MB): peak = 3372.793 ; gain = 0.000 ; free physical = 65056 ; free virtual = 86043
Phase 3 Detail Placement | Checksum: 263566a08

Time (s): cpu = 00:01:14 ; elapsed = 00:00:30 . Memory (MB): peak = 3372.793 ; gain = 0.000 ; free physical = 65056 ; free virtual = 86043

Phase 4 Post Placement Optimization and Clean-Up

Phase 4.1 Post Commit Optimization
INFO: [Timing 38-35] Done setting XDC timing constraints.

Phase 4.1.1 Post Placement Optimization
Post Placement Optimization Initialization | Checksum: 21c0119a1

Phase 4.1.1.1 BUFG Insertion

Starting Physical Synthesis Task

Phase 1 Physical Synthesis Initialization
INFO: [Physopt 32-721] Multithreading enabled for phys_opt_design using a maximum of 8 CPUs
INFO: [Physopt 32-619] Estimated Timing Summary | WNS=-0.305 | TNS=-0.305 |
Phase 1 Physical Synthesis Initialization | Checksum: 13e1c6ff5

Time (s): cpu = 00:00:00.74 ; elapsed = 00:00:00.2 . Memory (MB): peak = 3372.793 ; gain = 0.000 ; free physical = 65043 ; free virtual = 86052
INFO: [Place 46-33] Processed net adc_sequencer0/o_adc_frameStrobe, BUFG insertion was skipped due to placement/routing conflicts.
INFO: [Place 46-56] BUFG insertion identified 1 candidate nets. Inserted BUFG: 0, Replicated BUFG Driver: 0, Skipped due to Placement/Routing Conflicts: 1, Skipped due to Timing Degradation: 0, Skipped due to netlist editing failed: 0.
Ending Physical Synthesis Task | Checksum: 19c07d96b

Time (s): cpu = 00:00:01 ; elapsed = 00:00:00.68 . Memory (MB): peak = 3372.793 ; gain = 0.000 ; free physical = 65042 ; free virtual = 86054
Phase 4.1.1.1 BUFG Insertion | Checksum: 21c0119a1

Time (s): cpu = 00:01:24 ; elapsed = 00:00:33 . Memory (MB): peak = 3372.793 ; gain = 0.000 ; free physical = 65042 ; free virtual = 86054

Phase 4.1.1.2 Post Placement Timing Optimization
INFO: [Place 30-746] Post Placement Timing Summary WNS=0.182. For the most accurate timing information please run report_timing.
Phase 4.1.1.2 Post Placement Timing Optimization | Checksum: 1c56f5a1a

Time (s): cpu = 00:01:38 ; elapsed = 00:00:39 . Memory (MB): peak = 3372.793 ; gain = 0.000 ; free physical = 64983 ; free virtual = 86070

Time (s): cpu = 00:01:38 ; elapsed = 00:00:39 . Memory (MB): peak = 3372.793 ; gain = 0.000 ; free physical = 64983 ; free virtual = 86070
Phase 4.1 Post Commit Optimization | Checksum: 1c56f5a1a

Time (s): cpu = 00:01:39 ; elapsed = 00:00:39 . Memory (MB): peak = 3372.793 ; gain = 0.000 ; free physical = 64983 ; free virtual = 86070

Phase 4.2 Post Placement Cleanup
Phase 4.2 Post Placement Cleanup | Checksum: 1c56f5a1a

Time (s): cpu = 00:01:39 ; elapsed = 00:00:39 . Memory (MB): peak = 3372.793 ; gain = 0.000 ; free physical = 64983 ; free virtual = 86070

Phase 4.3 Placer Reporting

Phase 4.3.1 Print Estimated Congestion
INFO: [Place 30-612] Post-Placement Estimated Congestion 
 ____________________________________________________
|           | Global Congestion | Short Congestion  |
| Direction | Region Size       | Region Size       |
|___________|___________________|___________________|
|      North|                1x1|                2x2|
|___________|___________________|___________________|
|      South|                1x1|                2x2|
|___________|___________________|___________________|
|       East|                1x1|                1x1|
|___________|___________________|___________________|
|       West|                1x1|                2x2|
|___________|___________________|___________________|

Phase 4.3.1 Print Estimated Congestion | Checksum: 1c56f5a1a

Time (s): cpu = 00:01:39 ; elapsed = 00:00:39 . Memory (MB): peak = 3372.793 ; gain = 0.000 ; free physical = 64983 ; free virtual = 86070
Phase 4.3 Placer Reporting | Checksum: 1c56f5a1a

Time (s): cpu = 00:01:39 ; elapsed = 00:00:39 . Memory (MB): peak = 3372.793 ; gain = 0.000 ; free physical = 64996 ; free virtual = 86083

Phase 4.4 Final Placement Cleanup
Netlist sorting complete. Time (s): cpu = 00:00:00 ; elapsed = 00:00:00.01 . Memory (MB): peak = 3372.793 ; gain = 0.000 ; free physical = 64995 ; free virtual = 86083

Time (s): cpu = 00:01:39 ; elapsed = 00:00:39 . Memory (MB): peak = 3372.793 ; gain = 0.000 ; free physical = 64995 ; free virtual = 86083
Phase 4 Post Placement Optimization and Clean-Up | Checksum: 2512ff320

Time (s): cpu = 00:01:39 ; elapsed = 00:00:39 . Memory (MB): peak = 3372.793 ; gain = 0.000 ; free physical = 64996 ; free virtual = 86083
Ending Placer Task | Checksum: 1dc31bd53

Time (s): cpu = 00:01:39 ; elapsed = 00:00:39 . Memory (MB): peak = 3372.793 ; gain = 0.000 ; free physical = 64996 ; free virtual = 86083
92 Infos, 30 Warnings, 2 Critical Warnings and 0 Errors encountered.
place_design completed successfully
place_design: Time (s): cpu = 00:01:42 ; elapsed = 00:00:40 . Memory (MB): peak = 3372.793 ; gain = 0.000 ; free physical = 64996 ; free virtual = 86083
INFO: [Vivado 12-24838] Running report commands "report_control_sets, report_io, report_utilization" in parallel.
Running report generation with 3 threads.
INFO: [Vivado 12-24828] Executing command : report_io -file top_io_placed.rpt
report_io: Time (s): cpu = 00:00:00.13 ; elapsed = 00:00:00.09 . Memory (MB): peak = 3372.793 ; gain = 0.000 ; free physical = 64976 ; free virtual = 86064
INFO: [Vivado 12-24828] Executing command : report_control_sets -verbose -file top_control_sets_placed.rpt
report_control_sets: Time (s): cpu = 00:00:00.16 ; elapsed = 00:00:00.11 . Memory (MB): peak = 3372.793 ; gain = 0.000 ; free physical = 64989 ; free virtual = 86077
INFO: [Vivado 12-24828] Executing command : report_utilization -file top_utilization_placed.rpt -pb top_utilization_placed.pb
INFO: [Timing 38-480] Writing timing data to binary archive.
Wrote PlaceDB: Time (s): cpu = 00:00:00 ; elapsed = 00:00:00 . Memory (MB): peak = 3372.793 ; gain = 0.000 ; free physical = 64991 ; free virtual = 86084
Wrote PulsedLatchDB: Time (s): cpu = 00:00:00 ; elapsed = 00:00:00 . Memory (MB): peak = 3372.793 ; gain = 0.000 ; free physical = 64991 ; free virtual = 86084
Writing XDEF routing.
Writing XDEF routing logical nets.
Writing XDEF routing special nets.
Wrote RouteStorage: Time (s): cpu = 00:00:00.18 ; elapsed = 00:00:00.05 . Memory (MB): peak = 3372.793 ; gain = 0.000 ; free physical = 64983 ; free virtual = 86084
Write ShapeDB Complete: Time (s): cpu = 00:00:00.35 ; elapsed = 00:00:00.09 . Memory (MB): peak = 3372.793 ; gain = 0.000 ; free physical = 64976 ; free virtual = 86092
Wrote PlaceStorage: Time (s): cpu = 00:00:02 ; elapsed = 00:00:00.84 . Memory (MB): peak = 3372.793 ; gain = 0.000 ; free physical = 64907 ; free virtual = 86101
Wrote Netlist Cache: Time (s): cpu = 00:00:00.03 ; elapsed = 00:00:00.03 . Memory (MB): peak = 3372.793 ; gain = 0.000 ; free physical = 64903 ; free virtual = 86103
Wrote Device Cache: Time (s): cpu = 00:00:00 ; elapsed = 00:00:00.01 . Memory (MB): peak = 3372.793 ; gain = 0.000 ; free physical = 64901 ; free virtual = 86102
Write Physdb Complete: Time (s): cpu = 00:00:02 ; elapsed = 00:00:00.94 . Memory (MB): peak = 3372.793 ; gain = 0.000 ; free physical = 64901 ; free virtual = 86102
INFO: [Common 17-1381] The checkpoint '/media/tobiw/LocalData/Data/RASentinel/RASPMO/vivado/RASPMO.runs/impl_1/top_placed.dcp' has been generated.
Command: route_design
Attempting to get a license for feature 'Implementation' and/or device 'xc7a100t'
INFO: [Common 17-349] Got license for feature 'Implementation' and/or device 'xc7a100t'


Starting Routing Task
INFO: [Route 35-254] Multithreading enabled for route_design using a maximum of 8 CPUs

Phase 1 Build RT Design
Checksum: PlaceDB: 5d002fcc ConstDB: 0 ShapeSum: cd5f2df1 RouteDB: b1d25f96
Post Restoration Checksum: NetGraph: 1d97530a | NumContArr: 6aa8714d | Constraints: c2a8fa9d | Timing: c2a8fa9d
Phase 1 Build RT Design | Checksum: 20d91b991

Time (s): cpu = 00:00:22 ; elapsed = 00:00:11 . Memory (MB): peak = 3372.793 ; gain = 0.000 ; free physical = 64946 ; free virtual = 86135

Phase 2 Router Initialization

Phase 2.1 Fix Topology Constraints
Phase 2.1 Fix Topology Constraints | Checksum: 20d91b991

Time (s): cpu = 00:00:22 ; elapsed = 00:00:12 . Memory (MB): peak = 3372.793 ; gain = 0.000 ; free physical = 64945 ; free virtual = 86135

Phase 2.2 Pre Route Cleanup
Phase 2.2 Pre Route Cleanup | Checksum: 20d91b991

Time (s): cpu = 00:00:22 ; elapsed = 00:00:12 . Memory (MB): peak = 3372.793 ; gain = 0.000 ; free physical = 64945 ; free virtual = 86135
 Number of Nodes with overlaps = 0

Phase 2.3 Update Timing
Phase 2.3 Update Timing | Checksum: 2b63e1209

Time (s): cpu = 00:00:35 ; elapsed = 00:00:15 . Memory (MB): peak = 3372.793 ; gain = 0.000 ; free physical = 64945 ; free virtual = 86135
INFO: [Route 35-416] Intermediate Timing Summary | WNS=0.289  | TNS=0.000  | WHS=-0.435 | THS=-1550.954|


Phase 2.4 Soft Constraint Pins - Fast Budgeting
Phase 2.4 Soft Constraint Pins - Fast Budgeting | Checksum: 20435e379

Time (s): cpu = 00:00:39 ; elapsed = 00:00:16 . Memory (MB): peak = 3372.793 ; gain = 0.000 ; free physical = 64939 ; free virtual = 86129

Router Utilization Summary
  Global Vertical Routing Utilization    = 0.0182356 %
  Global Horizontal Routing Utilization  = 0.0105854 %
  Routable Net Status*
  *Does not include unroutable nets such as driverless and loadless.
  Run report_route_status for detailed report.
  Number of Failed Nets               = 52137
    (Failed Nets is the sum of unrouted and partially routed nets)
  Number of Unrouted Nets             = 52135
  Number of Partially Routed Nets     = 2
  Number of Node Overlaps             = 2

Phase 2 Router Initialization | Checksum: 240dc7e59

Time (s): cpu = 00:00:39 ; elapsed = 00:00:16 . Memory (MB): peak = 3372.793 ; gain = 0.000 ; free physical = 64939 ; free virtual = 86129

Phase 3 Global Routing
Phase 3 Global Routing | Checksum: 240dc7e59

Time (s): cpu = 00:00:39 ; elapsed = 00:00:16 . Memory (MB): peak = 3372.793 ; gain = 0.000 ; free physical = 64939 ; free virtual = 86129

Phase 4 Initial Routing

Phase 4.1 Initial Net Routing Pass
Phase 4.1 Initial Net Routing Pass | Checksum: 211aa5579

Time (s): cpu = 00:00:47 ; elapsed = 00:00:19 . Memory (MB): peak = 3372.801 ; gain = 0.008 ; free physical = 64848 ; free virtual = 86038
Phase 4 Initial Routing | Checksum: 211aa5579

Time (s): cpu = 00:00:48 ; elapsed = 00:00:19 . Memory (MB): peak = 3372.801 ; gain = 0.008 ; free physical = 64848 ; free virtual = 86038

Phase 5 Rip-up And Reroute

Phase 5.1 Global Iteration 0
 Number of Nodes with overlaps = 2203
 Number of Nodes with overlaps = 283
 Number of Nodes with overlaps = 81
 Number of Nodes with overlaps = 23
 Number of Nodes with overlaps = 11
 Number of Nodes with overlaps = 2
 Number of Nodes with overlaps = 4
 Number of Nodes with overlaps = 0
INFO: [Route 35-416] Intermediate Timing Summary | WNS=0.113  | TNS=0.000  | WHS=N/A    | THS=N/A    |

Phase 5.1 Global Iteration 0 | Checksum: 257a96e81

Time (s): cpu = 00:01:00 ; elapsed = 00:00:25 . Memory (MB): peak = 3372.801 ; gain = 0.008 ; free physical = 64856 ; free virtual = 86053
Phase 5 Rip-up And Reroute | Checksum: 257a96e81

Time (s): cpu = 00:01:00 ; elapsed = 00:00:25 . Memory (MB): peak = 3372.801 ; gain = 0.008 ; free physical = 64856 ; free virtual = 86053

Phase 6 Delay and Skew Optimization

Phase 6.1 Delay CleanUp

Phase 6.1.1 Update Timing
Phase 6.1.1 Update Timing | Checksum: 1e9bf4fe7

Time (s): cpu = 00:01:01 ; elapsed = 00:00:26 . Memory (MB): peak = 3372.801 ; gain = 0.008 ; free physical = 64856 ; free virtual = 86053
INFO: [Route 35-416] Intermediate Timing Summary | WNS=0.180  | TNS=0.000  | WHS=N/A    | THS=N/A    |

Phase 6.1 Delay CleanUp | Checksum: 1e9bf4fe7

Time (s): cpu = 00:01:01 ; elapsed = 00:00:26 . Memory (MB): peak = 3372.801 ; gain = 0.008 ; free physical = 64856 ; free virtual = 86053

Phase 6.2 Clock Skew Optimization
Phase 6.2 Clock Skew Optimization | Checksum: 1e9bf4fe7

Time (s): cpu = 00:01:01 ; elapsed = 00:00:26 . Memory (MB): peak = 3372.801 ; gain = 0.008 ; free physical = 64856 ; free virtual = 86053
Phase 6 Delay and Skew Optimization | Checksum: 1e9bf4fe7

Time (s): cpu = 00:01:01 ; elapsed = 00:00:26 . Memory (MB): peak = 3372.801 ; gain = 0.008 ; free physical = 64856 ; free virtual = 86053

Phase 7 Post Hold Fix

Phase 7.1 Hold Fix Iter
INFO: [Route 35-416] Intermediate Timing Summary | WNS=0.180  | TNS=0.000  | WHS=0.032  | THS=0.000  |

Phase 7.1 Hold Fix Iter | Checksum: 235813a49

Time (s): cpu = 00:01:02 ; elapsed = 00:00:26 . Memory (MB): peak = 3372.801 ; gain = 0.008 ; free physical = 64853 ; free virtual = 86049
Phase 7 Post Hold Fix | Checksum: 235813a49

Time (s): cpu = 00:01:02 ; elapsed = 00:00:26 . Memory (MB): peak = 3372.801 ; gain = 0.008 ; free physical = 64853 ; free virtual = 86049

Phase 8 Route finalize

Router Utilization Summary
  Global Vertical Routing Utilization    = 7.76942 %
  Global Horizontal Routing Utilization  = 9.71981 %
  Routable Net Status*
  *Does not include unroutable nets such as driverless and loadless.
  Run report_route_status for detailed report.
  Number of Failed Nets               = 0
    (Failed Nets is the sum of unrouted and partially routed nets)
  Number of Unrouted Nets             = 0
  Number of Partially Routed Nets     = 0
  Number of Node Overlaps             = 0

Phase 8 Route finalize | Checksum: 235813a49

Time (s): cpu = 00:01:03 ; elapsed = 00:00:26 . Memory (MB): peak = 3372.801 ; gain = 0.008 ; free physical = 64853 ; free virtual = 86049

Phase 9 Verifying routed nets

 Verification completed successfully
Phase 9 Verifying routed nets | Checksum: 235813a49

Time (s): cpu = 00:01:03 ; elapsed = 00:00:26 . Memory (MB): peak = 3372.801 ; gain = 0.008 ; free physical = 64853 ; free virtual = 86049

Phase 10 Depositing Routes
Phase 10 Depositing Routes | Checksum: 24f523745

Time (s): cpu = 00:01:04 ; elapsed = 00:00:27 . Memory (MB): peak = 3372.801 ; gain = 0.008 ; free physical = 64854 ; free virtual = 86050

Phase 11 Post Process Routing
Phase 11 Post Process Routing | Checksum: 24f523745

Time (s): cpu = 00:01:05 ; elapsed = 00:00:27 . Memory (MB): peak = 3372.801 ; gain = 0.008 ; free physical = 64854 ; free virtual = 86050

Phase 12 Post Router Timing
INFO: [Route 35-57] Estimated Timing Summary | WNS=0.180  | TNS=0.000  | WHS=0.032  | THS=0.000  |

INFO: [Route 35-327] The final timing numbers are based on the router estimated timing analysis. For a complete and accurate timing signoff, please run report_timing_summary.
Phase 12 Post Router Timing | Checksum: 24f523745

Time (s): cpu = 00:01:05 ; elapsed = 00:00:27 . Memory (MB): peak = 3372.801 ; gain = 0.008 ; free physical = 64853 ; free virtual = 86050
Total Elapsed time in route_design: 27.19 secs

Phase 13 Post-Route Event Processing
Phase 13 Post-Route Event Processing | Checksum: 1ea32e466

Time (s): cpu = 00:01:05 ; elapsed = 00:00:27 . Memory (MB): peak = 3372.801 ; gain = 0.008 ; free physical = 64853 ; free virtual = 86050
INFO: [Route 35-16] Router Completed Successfully
Ending Routing Task | Checksum: 1ea32e466

Time (s): cpu = 00:01:05 ; elapsed = 00:00:27 . Memory (MB): peak = 3372.801 ; gain = 0.008 ; free physical = 64853 ; free virtual = 86050

Routing Is Done.
INFO: [Common 17-83] Releasing license: Implementation
108 Infos, 30 Warnings, 2 Critical Warnings and 0 Errors encountered.
route_design completed successfully
route_design: Time (s): cpu = 00:01:05 ; elapsed = 00:00:27 . Memory (MB): peak = 3372.801 ; gain = 0.008 ; free physical = 64853 ; free virtual = 86050
INFO: [Vivado 12-24828] Executing command : report_drc -file top_drc_routed.rpt -pb top_drc_routed.pb -rpx top_drc_routed.rpx
Command: report_drc -file top_drc_routed.rpt -pb top_drc_routed.pb -rpx top_drc_routed.rpx
INFO: [IP_Flow 19-1839] IP Catalog is up to date.
INFO: [DRC 23-27] Running DRC with 8 threads
INFO: [Vivado_Tcl 2-168] The results of DRC are in file /media/tobiw/LocalData/Data/RASentinel/RASPMO/vivado/RASPMO.runs/impl_1/top_drc_routed.rpt.
report_drc completed successfully
INFO: [Vivado 12-24828] Executing command : report_methodology -file top_methodology_drc_routed.rpt -pb top_methodology_drc_routed.pb -rpx top_methodology_drc_routed.rpx
Command: report_methodology -file top_methodology_drc_routed.rpt -pb top_methodology_drc_routed.pb -rpx top_methodology_drc_routed.rpx
INFO: [Timing 38-35] Done setting XDC timing constraints.
INFO: [DRC 23-133] Running Methodology with 8 threads
INFO: [Vivado_Tcl 2-1520] The results of Report Methodology are in file /media/tobiw/LocalData/Data/RASentinel/RASPMO/vivado/RASPMO.runs/impl_1/top_methodology_drc_routed.rpt.
report_methodology completed successfully
INFO: [Vivado 12-24828] Executing command : report_timing_summary -max_paths 10 -routable_nets -report_unconstrained -file top_timing_summary_routed.rpt -pb top_timing_summary_routed.pb -rpx top_timing_summary_routed.rpx -warn_on_violation 
INFO: [Timing 38-35] Done setting XDC timing constraints.
INFO: [Timing 38-91] UpdateTimingParams: Speed grade: -2, Delay Type: min_max.
INFO: [Timing 38-191] Multithreading enabled for timing update using a maximum of 8 CPUs
CRITICAL WARNING: [Timing 38-282] The design failed to meet the timing requirements. Please see the timing summary report for details on the timing violations.
INFO: [Vivado 12-24838] Running report commands "report_bus_skew, report_incremental_reuse, report_route_status" in parallel.
Running report generation with 3 threads.
INFO: [Vivado 12-24828] Executing command : report_incremental_reuse -file top_incremental_reuse_routed.rpt
INFO: [Vivado_Tcl 4-1062] Incremental flow is disabled. No incremental reuse Info to report.
INFO: [Vivado 12-24828] Executing command : report_bus_skew -warn_on_violation -file top_bus_skew_routed.rpt -pb top_bus_skew_routed.pb -rpx top_bus_skew_routed.rpx
INFO: [Timing 38-91] UpdateTimingParams: Speed grade: -2, Delay Type: min_max.
INFO: [Timing 38-191] Multithreading enabled for timing update using a maximum of 8 CPUs
INFO: [Vivado 12-24828] Executing command : report_route_status -file top_route_status.rpt -pb top_route_status.pb
INFO: [Vivado 12-24828] Executing command : report_power -file top_power_routed.rpt -pb top_power_summary_routed.pb -rpx top_power_routed.rpx
Command: report_power -file top_power_routed.rpt -pb top_power_summary_routed.pb -rpx top_power_routed.rpx
Running Vector-less Activity Propagation...

Finished Running Vector-less Activity Propagation
WARNING: [Power 33-332] Found switching activity that implies high-fanout reset nets being asserted for excessive periods of time which may result in inaccurate power analysis.
Resolution: To review and fix problems, please run Power Constraints Advisor in the GUI from Tools > Power Constraints Advisor or run report_power with the -advisory option to generate a text report.
128 Infos, 31 Warnings, 3 Critical Warnings and 0 Errors encountered.
report_power completed successfully
INFO: [Vivado 12-24828] Executing command : report_clock_utilization -file top_clock_utilization_routed.rpt
generate_parallel_reports: Time (s): cpu = 00:00:32 ; elapsed = 00:00:10 . Memory (MB): peak = 3412.820 ; gain = 40.020 ; free physical = 64994 ; free virtual = 86245
Wrote PlaceDB: Time (s): cpu = 00:00:00 ; elapsed = 00:00:00 . Memory (MB): peak = 3412.820 ; gain = 0.000 ; free physical = 64995 ; free virtual = 86251
INFO: [Timing 38-480] Writing timing data to binary archive.
Wrote PulsedLatchDB: Time (s): cpu = 00:00:00 ; elapsed = 00:00:00 . Memory (MB): peak = 3412.820 ; gain = 0.000 ; free physical = 64995 ; free virtual = 86251
Writing XDEF routing.
Writing XDEF routing logical nets.
Write ShapeDB Complete: Time (s): cpu = 00:00:00.34 ; elapsed = 00:00:00.07 . Memory (MB): peak = 3412.820 ; gain = 0.000 ; free physical = 64976 ; free virtual = 86256
Writing XDEF routing special nets.
Wrote RouteStorage: Time (s): cpu = 00:00:00.78 ; elapsed = 00:00:00.17 . Memory (MB): peak = 3412.820 ; gain = 0.000 ; free physical = 64930 ; free virtual = 86235
Wrote PlaceStorage: Time (s): cpu = 00:00:01 ; elapsed = 00:00:00.75 . Memory (MB): peak = 3412.820 ; gain = 0.000 ; free physical = 64841 ; free virtual = 86216
Wrote Netlist Cache: Time (s): cpu = 00:00:00.02 ; elapsed = 00:00:00.03 . Memory (MB): peak = 3412.820 ; gain = 0.000 ; free physical = 64847 ; free virtual = 86228
Wrote Device Cache: Time (s): cpu = 00:00:00.01 ; elapsed = 00:00:00 . Memory (MB): peak = 3412.820 ; gain = 0.000 ; free physical = 64821 ; free virtual = 86220
Write Physdb Complete: Time (s): cpu = 00:00:02 ; elapsed = 00:00:00.97 . Memory (MB): peak = 3412.820 ; gain = 0.000 ; free physical = 64765 ; free virtual = 86147
INFO: [Common 17-1381] The checkpoint '/media/tobiw/LocalData/Data/RASentinel/RASPMO/vivado/RASPMO.runs/impl_1/top_routed.dcp' has been generated.
Command: write_bitstream -force top.bit
Attempting to get a license for feature 'Implementation' and/or device 'xc7a100t'
INFO: [Common 17-349] Got license for feature 'Implementation' and/or device 'xc7a100t'
Running DRC as a precondition to command write_bitstream
INFO: [IP_Flow 19-1839] IP Catalog is up to date.
INFO: [DRC 23-27] Running DRC with 8 threads
INFO: [Vivado 12-3199] DRC finished with 0 Errors
INFO: [Vivado 12-3200] Please refer to the DRC report (report_drc) for more information.
Integrating Hard IP ELF/MEM with the PDI.
INFO: [Designutils 20-2272] Running write_bitstream with 8 threads.
Loading data files...
Loading site data...
Loading route data...
Processing options...
Creating bitmap...
Creating bitstream...
Writing bitstream ./top.bit...
INFO: [Vivado 12-1842] Bitgen Completed Successfully.
INFO: [Common 17-83] Releasing license: Implementation
139 Infos, 31 Warnings, 3 Critical Warnings and 0 Errors encountered.
write_bitstream completed successfully
write_bitstream: Time (s): cpu = 00:00:23 ; elapsed = 00:00:19 . Memory (MB): peak = 3676.254 ; gain = 263.434 ; free physical = 64360 ; free virtual = 85700
INFO: [Common 17-206] Exiting Vivado at Thu Aug 13 13:57:46 2026...
